##########################################
# (1) LINK INFORMATION                   #
##########################################
c:\program files\renesas\hew\tools\renesas\nc30wa\v545r01\bin\ln30.exe @E:\dev\projects\self\AutoFeeder\code\autoFishFeeder\Project\Hew\autoFeeder\autoFeeder\Debug\autoFeeder.m16cl

# ID CODE DATA
.ID  "#FFFFFFFFFFFFFF"

# OPTION FUNCTION SELECT REGISTER
.OFSREG  FFH

# LINK FILE INFORMATION
draw_task (E:\dev\projects\self\AutoFeeder\code\autoFishFeeder\Project\Hew\autoFeeder\autoFeeder\Debug\draw_task.r30)
	Dec 27 21:30:35 2020

drv_clk (E:\dev\projects\self\AutoFeeder\code\autoFishFeeder\Project\Hew\autoFeeder\autoFeeder\Debug\drv_clk.r30)
	Nov 26 21:17:53 2020

drv_csi1 (E:\dev\projects\self\AutoFeeder\code\autoFishFeeder\Project\Hew\autoFeeder\autoFeeder\Debug\drv_csi1.r30)
	Nov 26 21:17:53 2020

drv_flash (E:\dev\projects\self\AutoFeeder\code\autoFishFeeder\Project\Hew\autoFeeder\autoFeeder\Debug\drv_flash.r30)
	Nov 26 21:17:53 2020

drv_iic (E:\dev\projects\self\AutoFeeder\code\autoFishFeeder\Project\Hew\autoFeeder\autoFeeder\Debug\drv_iic.r30)
	Nov 26 21:17:54 2020

drv_int (E:\dev\projects\self\AutoFeeder\code\autoFishFeeder\Project\Hew\autoFeeder\autoFeeder\Debug\drv_int.r30)
	Nov 26 21:17:54 2020

drv_key (E:\dev\projects\self\AutoFeeder\code\autoFishFeeder\Project\Hew\autoFeeder\autoFeeder\Debug\drv_key.r30)
	Nov 26 21:17:54 2020

drv_led (E:\dev\projects\self\AutoFeeder\code\autoFishFeeder\Project\Hew\autoFeeder\autoFeeder\Debug\drv_led.r30)
	Jan  8 21:33:55 2021

drv_o2 (E:\dev\projects\self\AutoFeeder\code\autoFishFeeder\Project\Hew\autoFeeder\autoFeeder\Debug\drv_o2.r30)
	Jan  8 21:35:23 2021

drv_oled (E:\dev\projects\self\AutoFeeder\code\autoFishFeeder\Project\Hew\autoFeeder\autoFeeder\Debug\drv_oled.r30)
	Nov 26 21:17:55 2020

drv_pwr (E:\dev\projects\self\AutoFeeder\code\autoFishFeeder\Project\Hew\autoFeeder\autoFeeder\Debug\drv_pwr.r30)
	Nov 26 21:17:55 2020

drv_Stepper (E:\dev\projects\self\AutoFeeder\code\autoFishFeeder\Project\Hew\autoFeeder\autoFeeder\Debug\drv_Stepper.r30)
	Dec 27 21:58:19 2020

drv_tmr0 (E:\dev\projects\self\AutoFeeder\code\autoFishFeeder\Project\Hew\autoFeeder\autoFeeder\Debug\drv_tmr0.r30)
	Jan  8 21:33:55 2021

drv_wdt (E:\dev\projects\self\AutoFeeder\code\autoFishFeeder\Project\Hew\autoFeeder\autoFeeder\Debug\drv_wdt.r30)
	Nov 26 21:17:55 2020

fvector (E:\dev\projects\self\AutoFeeder\code\autoFishFeeder\Project\Hew\autoFeeder\autoFeeder\Debug\fvector.r30)
	Nov 26 21:17:56 2020

heap (E:\dev\projects\self\AutoFeeder\code\autoFishFeeder\Project\Hew\autoFeeder\autoFeeder\Debug\heap.r30)
	Nov 26 21:17:56 2020

if_disp (E:\dev\projects\self\AutoFeeder\code\autoFishFeeder\Project\Hew\autoFeeder\autoFeeder\Debug\if_disp.r30)
	Nov 26 21:17:57 2020

if_key (E:\dev\projects\self\AutoFeeder\code\autoFishFeeder\Project\Hew\autoFeeder\autoFeeder\Debug\if_key.r30)
	Nov 26 21:17:57 2020

if_oled_draw (E:\dev\projects\self\AutoFeeder\code\autoFishFeeder\Project\Hew\autoFeeder\autoFeeder\Debug\if_oled_draw.r30)
	Nov 26 21:17:57 2020

if_oled_text (E:\dev\projects\self\AutoFeeder\code\autoFishFeeder\Project\Hew\autoFeeder\autoFeeder\Debug\if_oled_text.r30)
	Nov 26 21:17:58 2020

if_serial_flash (E:\dev\projects\self\AutoFeeder\code\autoFishFeeder\Project\Hew\autoFeeder\autoFeeder\Debug\if_serial_flash.r30)
	Nov 26 21:17:58 2020

initsct (E:\dev\projects\self\AutoFeeder\code\autoFishFeeder\Project\Hew\autoFeeder\autoFeeder\Debug\initsct.r30)
	Nov 26 21:17:56 2020

intprg (E:\dev\projects\self\AutoFeeder\code\autoFishFeeder\Project\Hew\autoFeeder\autoFeeder\Debug\intprg.r30)
	Nov 26 21:17:56 2020

main (E:\dev\projects\self\AutoFeeder\code\autoFishFeeder\Project\Hew\autoFeeder\autoFeeder\Debug\main.r30)
	Jan  8 21:36:05 2021

resetprg (E:\dev\projects\self\AutoFeeder\code\autoFishFeeder\Project\Hew\autoFeeder\autoFeeder\Debug\resetprg.r30)
	Nov 26 21:17:56 2020

_i4divu (c:\program files\renesas\hew\tools\renesas\nc30wa\v545r01\lib30\r8clib.lib)
	Jan  6 15:31:32 2010

_i4mulu (c:\program files\renesas\hew\tools\renesas\nc30wa\v545r01\lib30\r8clib.lib)
	Jan  6 15:31:33 2010

nmemcpy (c:\program files\renesas\hew\tools\renesas\nc30wa\v545r01\lib30\r8clib.lib)
	Jan  6 15:31:55 2010

nmemset (c:\program files\renesas\hew\tools\renesas\nc30wa\v545r01\lib30\r8clib.lib)
	Jan  6 15:31:56 2010

nstrcat (c:\program files\renesas\hew\tools\renesas\nc30wa\v545r01\lib30\r8clib.lib)
	Jan  6 15:31:56 2010

_nstrcpy (c:\program files\renesas\hew\tools\renesas\nc30wa\v545r01\lib30\r8clib.lib)
	Jan  6 15:32:09 2010


##########################################
# (2) SECTION INFORMATION                #
##########################################
# SECTION                        ATR TYPE    START  LENGTH ALIGN MODULENAME
data_SE                          REL DATA    000400 000000 2     initsct
bss_SE                           REL DATA    000400 000000 2     initsct
data_SO                          REL DATA    000400 000000       initsct
bss_SO                           REL DATA    000400 000000       initsct
data_NE                          REL DATA    000400 000002 2     draw_task
                                 REL DATA    000402 00000A 2     drv_Stepper
                                 REL DATA    00040C 000004 2     drv_tmr0
                                 REL DATA    000410 000004 2     if_key
                                 REL DATA    000414 000002 2     if_oled_draw
                                 REL DATA    000416 000000 2     initsct
                                 REL DATA    000416 000030 2     main
bss_NE                           REL DATA    000446 000004 2     draw_task
                                 REL DATA    00044A 000004 2     drv_csi1
                                 REL DATA    00044E 000006 2     drv_flash
                                 REL DATA    000454 000004 2     drv_iic
                                 REL DATA    000458 000080 2     if_oled_text
                                 REL DATA    0004D8 000000 2     initsct
data_NO                          REL DATA    0004D8 00000B       draw_task
                                 REL DATA    0004E3 000003       if_key
                                 REL DATA    0004E6 000015       if_oled_draw
                                 REL DATA    0004FB 000000       initsct
                                 REL DATA    0004FB 000001       main
bss_NO                           REL DATA    0004FC 000001       drv_iic
                                 REL DATA    0004FD 000001       if_disp
                                 REL DATA    0004FE 000003       if_key
                                 REL DATA    000501 000000       initsct
stack                            REL DATA    000501 000100       resetprg
istack                           REL DATA    000601 000100       resetprg
rom_NE                           REL ROMDATA 004000 000400 2     drv_oled
                                 REL ROMDATA 004400 000440 2     if_oled_draw
                                 REL ROMDATA 004840 001E60 2     if_oled_text
rom_NO                           REL ROMDATA 0066A0 000002       draw_task
data_SEI                         REL ROMDATA 0066A2 000000       initsct
data_SOI                         REL ROMDATA 0066A2 000000       initsct
data_NEI                         REL ROMDATA 0066A2 000002       draw_task
                                 REL ROMDATA 0066A4 00000A       drv_Stepper
                                 REL ROMDATA 0066AE 000004       drv_tmr0
                                 REL ROMDATA 0066B2 000004       if_key
                                 REL ROMDATA 0066B6 000002       if_oled_draw
                                 REL ROMDATA 0066B8 000000       initsct
                                 REL ROMDATA 0066B8 000030       main
data_NOI                         REL ROMDATA 0066E8 00000B       draw_task
                                 REL ROMDATA 0066F3 000003       if_key
                                 REL ROMDATA 0066F6 000015       if_oled_draw
                                 REL ROMDATA 00670B 000000       initsct
                                 REL ROMDATA 00670B 000001       main
program                          REL CODE    00670C 000589 2     draw_task
                                 REL CODE    006C96 00005C 2     drv_clk
                                 REL CODE    006CF2 00009A 2     drv_csi1
                                 REL CODE    006D8C 00063F 2     drv_flash
                                 REL CODE    0073CC 000237 2     drv_iic
                                 REL CODE    007604 000007 2     drv_int
                                 REL CODE    00760C 000014 2     drv_key
                                 REL CODE    007620 000071 2     drv_led
                                 REL CODE    007692 00002A 2     drv_o2
                                 REL CODE    0076BC 0008BA 2     drv_oled
                                 REL CODE    007F76 0000D5 2     drv_pwr
                                 REL CODE    00804C 0005D2 2     drv_Stepper
                                 REL CODE    00861E 0000C7 2     drv_tmr0
                                 REL CODE    0086E6 000064 2     drv_wdt
                                 REL CODE    00874A 000005 2     fvector
                                 REL CODE    008750 00001F 2     if_disp
                                 REL CODE    008770 000295 2     if_key
                                 REL CODE    008A06 0003AB 2     if_oled_draw
                                 REL CODE    008DB2 000CE4 2     if_oled_text
                                 REL CODE    009A96 0000B3 2     if_serial_flash
                                 REL CODE    009B4A 000097 2     intprg
                                 REL CODE    009BE2 000261 2     main
                                 REL CODE    009E44 00004D 2     _i4divu
                                 REL CODE    009E92 00001C 2     _i4mulu
                                 REL CODE    009EAE 00002E 2     nmemcpy
                                 REL CODE    009EDC 000029 2     nmemset
                                 REL CODE    009F06 00001F 2     nstrcat
                                 REL CODE    009F26 000020 2     _nstrcpy
interrupt                        REL CODE    009F46 000065 2     initsct
                                 REL CODE    009FAC 000037 2     resetprg
vector                           REL ROMDATA 00FEDC 000100       intprg
fvector                          ABS ROMDATA 00FFDC 000024       fvector
# Total -------------------------------------------------------------------
                                     DATA           000301(0000769) Byte(s)
                                     ROMDATA        002830(0010288) Byte(s)
                                     CODE           0038D7(0014551) Byte(s)

##########################################
# VARIABLE VECTOR TABLE INFORMATION      #
##########################################
No.  Address               No.  Address               No.  Address
0    __brk                 1    __dummy_int           2    __dummy_int           
3    __dummy_int           4    __dummy_int           5    __dummy_int           
6    __dummy_int           7    __timer_rc            8    __timer_rd0           
9    __timer_rd1           10   __timer_re            11   __uart2_trance        
12   __uart2_receive       13   __input_key           14   __dummy_int           
15   __ssuic               16   __compare1            17   __uart0_trance        
18   __uart0_receive       19   __uart1_trance        20   __uart1_receive       
21   __int2                22   __timer_ra            23   __dummy_int           
24   __timer_rb            25   __int1                26   __int3                
27   __timer_rf            28   __compare0            29   __int0                
30   __ad_converter        31   __capture             32   __dummy_int           
33   __dummy_int           34   __dummy_int           35   __dummy_int           
36   __dummy_int           37   __dummy_int           38   __dummy_int           
39   __dummy_int           40   __dummy_int           41   __dummy_int           
42   __dummy_int           43   __dummy_int           44   __dummy_int           
45   __dummy_int           46   __dummy_int           47   __dummy_int           
48   __dummy_int           49   __dummy_int           50   __dummy_int           
51   __dummy_int           52   __dummy_int           53   __dummy_int           
54   __dummy_int           55   __dummy_int           56   __dummy_int           
57   __dummy_int           58   __dummy_int           59   __dummy_int           
60   __dummy_int           61   __dummy_int           62   __dummy_int           
63   __dummy_int           

##########################################
# (3) GLOBAL LABEL INFORMATION           #
##########################################
$ConvertUTF8ToGB   00983a  $ConvertUnicodeT   0099e8  $DecToStr          00670c
$DecToStrSign      0068bc  $Draw_PlayTimePr   008cc6  $GetDrawTextWidt   0097ba
$OLED_DrawBmp      008b94  $OLED_DrawBox      008aa6  $OLED_DrawLine     008a06
$OLED_DrawLineT    008a6e  $OLED_Draw_TextR   00949e  $OLED_TextA        009462
$OLED_TextA_16     008e68  $OLED_TextA_24     00900e  $OLED_TextA_Rev    009290
$Strformat2        006a04  $Strformat3        006a70  $_n_memset         009edc
$_n_n_memcpy       009eae  $_n_n_strcat       009f06  $_n_n_strcpy       009f26
$drv_CSI1_Init     006cf2  $drv_Flash_Read3   006e2c  $drv_Flash_ReadD   006d8c
$drv_Flash_ReadS   007268  $drv_Flash_Write   00705a  $drv_I2C_MasterS   007412
$drv_Led_SetStat   007652  $drv_OLED_Clear    007ea6  $drv_OLED_Comman   0076bc
$drv_OLED_DataWr   0076da  $drv_OLED_Graphi   007c7a  $drv_OLED_Graphi   007a98
$drv_OLED_Graphi   007b4c  $drv_OLED_Graphi   007922  $drv_OLED_Graphi   0079de
$drv_OLED_SetCol   0076f0  $drv_OLED_SetCom   0078c2  $drv_OLED_SetCon   007868
$drv_OLED_SetDis   0077e4  $drv_OLED_SetDis   0077f8  $drv_OLED_SetDis   0078a4
$drv_OLED_SetDis   007776  $drv_OLED_SetDis   007762  $drv_OLED_SetDis   00779c
$drv_OLED_SetFun   007788  $drv_OLED_SetGPI   007818  $drv_OLED_SetGra   0078d8
$drv_OLED_SetMas   00787c  $drv_OLED_SetMul   007890  $drv_OLED_SetPar   0077c2
$drv_OLED_SetPha   0077ae  $drv_OLED_SetPre   00782c  $drv_OLED_SetPre   007840
$drv_OLED_SetRem   007734  $drv_OLED_SetRow   00770a  $drv_OLED_SetSta   00774e
$drv_OLED_SetVCO   007854  $drv_stepper_mov   008096  $drv_stepper_mov   00818c
$drv_stepper_mov   00817c  $drv_stepper_mov   0080fe  $drv_stepper_mov   0081cc
$drv_stepper_mov   0081bc  $drv_stepper_mov   0080b6  $drv_stepper_mov   0081ac
$drv_stepper_mov   00819c  $drv_stepper_mov   00812a  $drv_stepper_mov   0081ec
$drv_stepper_mov   0081dc  $drv_stepper_new   0082a2  $drv_stepper_new   00820c
$drv_stepper_new   0081fc  $drv_stepper_new   008358  $drv_stepper_new   00824c
$drv_stepper_new   00823c  $drv_stepper_new   0082de  $drv_stepper_new   00822c
$drv_stepper_new   00821c  $drv_stepper_new   008384  $drv_stepper_new   00826c
$drv_stepper_new   00825c  $drv_stepper_set   00806e  $drv_stepper_set   008088
$drv_stepper_ste   0083fa  $if_Disp_SetStar   00875a  $if_Flash_Read32   009aba
$if_Flash_ReadDa   009aa0  $if_Flash_ReadSt   009ad2  $if_Flash_WriteD   009afa
$if_Key_GetState   008774  $strcpy            009f26  $sysAdjustTime     009d26
$updateTimerPain   006afe  _App_Task_Disp     006bf0  _BmpLogo           004400
_CodeASCII         004840  _CodeASCII24       004e40  _CodeIco           006040
_CurrentTimer      00040c  _DispCurLine       0004fd  _DispName          0004d8
_DispState         000400  _DispWaitTM        000446  _DrawBuf           000458
_TmrRAInt          008650  _U16CSI1BufCount   00044a  _U16TimerCountPr   000412
_U16TimerCountSc   000410  __ad_converter     009bd6  __brk              009b4a
__capture          009bdc  __compare0         009bca  __compare1         009b84
__dummy_int        00874a  __i4divU           009e44  __i4mulU           009e92
__input_key        009b74  __int0             009bd0  __int1             009bb8
__int2             009ba2  __int3             009bbe  __istack_top       000701
__ssuic            009b7a  __stack_top        000601  __timer_ra         009ba8
__timer_rb         009bb2  __timer_rc         009b50  __timer_rd0        009b56
__timer_rd1        009b5c  __timer_re         009b62  __timer_rf         009bc4
__uart0_receive    009b90  __uart0_trance     009b8a  __uart1_receive    009b9c
__uart1_trance     009b96  __uart2_receive    009b6e  __uart2_trance     009b68
_clockBMP          004540  _drv_Clk_SelectH   006cbc  _drv_Clk_SelectL   006c96
_drv_Flash_Block   007206  _drv_Flash_Prote   007142  _drv_Flash_UnPro   0071a4
_drv_Flash_Write   00710e  _drv_I2C_GetI2CB   0075f4  _drv_I2C_Init      0073cc
_drv_I2C_Int       007470  _drv_INT_Disable   007604  _drv_INT_Enable    007608
_drv_Key_InitKey   00760c  _drv_Led_InitLed   007620  _drv_O2_init       007692
_drv_OLED_Init     007ee8  _drv_OLED_SetRea   00772c  _drv_OLED_SetWri   007724
_drv_Power_TurnO   008044  _drv_Pwr_12V_Tur   007f9c  _drv_Pwr_12V_Tur   007fae
_drv_Pwr_3P3V_Tu   007fa8  _drv_Pwr_3P3V_Tu   007fba  _drv_Pwr_5V_Turn   007fa2
_drv_Pwr_5V_Turn   007fb4  _drv_Pwr_InitPwr   008036  _drv_Pwr_InitPwr   007f76
_drv_Pwr_SetPort   007fc0  _drv_Tmr0_InitTm   00861e  _drv_Tmr0_InitTm   008638
_drv_WDT_InitWDT   0086e6  _drv_WDT_InitWDT   008712  _drv_Watchdog_Fe   008742
_drv_stepper_get   00828e  _drv_stepper_get   008294  _drv_stepper_get   008288
_drv_stepper_get   00829c  _drv_stepper_ini   00804c  _drv_stepper_off   00840c
_drv_stepper_run   0083d6  _drv_stepper_set   008080  _drv_stepper_ste   008282
_drv_stepper_ste   00827c  _drv_stepper_sto   0083f4  _exit              009fde
_fishBmp           004740  _if_Disp_Init      008750  _if_Flash_Erase4   009ae2
_if_Flash_InitFl   009a96  _if_Flash_Protec   009b1a  _if_Flash_UnProt   009b32
_if_Key_ClearEve   0087f8  _if_Key_GetEvent   008770  _if_Key_Scan       008904
_if_disp_clear     008b8c  _initMCU           009ce0  _initsct           009f46
_main              009dde  _pU8CSI1Buf        00044c  _stSys             0004fb
_start             009fac  _sysKeyPro         009dc2  _sys_AddingO2      00769c
_sys_Feeding       009c94  _sys_Init          009cf2  _sys_IsFeedCompl   009ccc
_sys_IsFeedingTi   009be2  _sys_IsO2Time      009c28  _sys_IsO2TimeEnd   009c6e
_sys_stopFeed      009cb8  _sys_stopO2        0076ac  _vsysFeedHour      00042a
_vsysFeedMinute    00042e  _vsysFeedSecond    000432  _vsysFeedTime      000426
_vsysHour          000416  _vsysMilSecond     000422  _vsysMinute        00041a
_vsysO2Hour        000436  _vsysO2Hour_Dura   000442  _vsysO2Minute      00043a
_vsysO2Second      00043e  _vsysSecond        00041e  

##########################################
# (4) GLOBAL EQU SYMBOL INFORMATION      #
##########################################
__SB__           00000400  

##########################################
# (5) GLOBAL EQU BIT-SYMBOL INFORMATION  #
##########################################

##########################################
# (6) LOCAL LABEL INFORMATION            #
##########################################
@ draw_task ( E:\dev\projects\self\AutoFeeder\code\autoFishFeeder\Project\Hew\autoFeeder\autoFeeder\Debug\draw_task.r30 )
@ drv_clk ( E:\dev\projects\self\AutoFeeder\code\autoFishFeeder\Project\Hew\autoFeeder\autoFeeder\Debug\drv_clk.r30 )
@ drv_csi1 ( E:\dev\projects\self\AutoFeeder\code\autoFishFeeder\Project\Hew\autoFeeder\autoFeeder\Debug\drv_csi1.r30 )
@ drv_flash ( E:\dev\projects\self\AutoFeeder\code\autoFishFeeder\Project\Hew\autoFeeder\autoFeeder\Debug\drv_flash.r30 )
@ drv_iic ( E:\dev\projects\self\AutoFeeder\code\autoFishFeeder\Project\Hew\autoFeeder\autoFeeder\Debug\drv_iic.r30 )
@ drv_int ( E:\dev\projects\self\AutoFeeder\code\autoFishFeeder\Project\Hew\autoFeeder\autoFeeder\Debug\drv_int.r30 )
@ drv_key ( E:\dev\projects\self\AutoFeeder\code\autoFishFeeder\Project\Hew\autoFeeder\autoFeeder\Debug\drv_key.r30 )
@ drv_led ( E:\dev\projects\self\AutoFeeder\code\autoFishFeeder\Project\Hew\autoFeeder\autoFeeder\Debug\drv_led.r30 )
@ drv_o2 ( E:\dev\projects\self\AutoFeeder\code\autoFishFeeder\Project\Hew\autoFeeder\autoFeeder\Debug\drv_o2.r30 )
@ drv_oled ( E:\dev\projects\self\AutoFeeder\code\autoFishFeeder\Project\Hew\autoFeeder\autoFeeder\Debug\drv_oled.r30 )
@ drv_pwr ( E:\dev\projects\self\AutoFeeder\code\autoFishFeeder\Project\Hew\autoFeeder\autoFeeder\Debug\drv_pwr.r30 )
@ drv_Stepper ( E:\dev\projects\self\AutoFeeder\code\autoFishFeeder\Project\Hew\autoFeeder\autoFeeder\Debug\drv_Stepper.r30 )
@ drv_tmr0 ( E:\dev\projects\self\AutoFeeder\code\autoFishFeeder\Project\Hew\autoFeeder\autoFeeder\Debug\drv_tmr0.r30 )
@ drv_wdt ( E:\dev\projects\self\AutoFeeder\code\autoFishFeeder\Project\Hew\autoFeeder\autoFeeder\Debug\drv_wdt.r30 )
@ fvector ( E:\dev\projects\self\AutoFeeder\code\autoFishFeeder\Project\Hew\autoFeeder\autoFeeder\Debug\fvector.r30 )
@ heap ( E:\dev\projects\self\AutoFeeder\code\autoFishFeeder\Project\Hew\autoFeeder\autoFeeder\Debug\heap.r30 )
@ if_disp ( E:\dev\projects\self\AutoFeeder\code\autoFishFeeder\Project\Hew\autoFeeder\autoFeeder\Debug\if_disp.r30 )
@ if_key ( E:\dev\projects\self\AutoFeeder\code\autoFishFeeder\Project\Hew\autoFeeder\autoFeeder\Debug\if_key.r30 )
@ if_oled_draw ( E:\dev\projects\self\AutoFeeder\code\autoFishFeeder\Project\Hew\autoFeeder\autoFeeder\Debug\if_oled_draw.r30 )
@ if_oled_text ( E:\dev\projects\self\AutoFeeder\code\autoFishFeeder\Project\Hew\autoFeeder\autoFeeder\Debug\if_oled_text.r30 )
@ if_serial_flash ( E:\dev\projects\self\AutoFeeder\code\autoFishFeeder\Project\Hew\autoFeeder\autoFeeder\Debug\if_serial_flash.r30 )
@ initsct ( E:\dev\projects\self\AutoFeeder\code\autoFishFeeder\Project\Hew\autoFeeder\autoFeeder\Debug\initsct.r30 )
@ intprg ( E:\dev\projects\self\AutoFeeder\code\autoFishFeeder\Project\Hew\autoFeeder\autoFeeder\Debug\intprg.r30 )
@ main ( E:\dev\projects\self\AutoFeeder\code\autoFishFeeder\Project\Hew\autoFeeder\autoFeeder\Debug\main.r30 )
@ resetprg ( E:\dev\projects\self\AutoFeeder\code\autoFishFeeder\Project\Hew\autoFeeder\autoFeeder\Debug\resetprg.r30 )
@ _i4divu ( c:\program files\renesas\hew\tools\renesas\nc30wa\v545r01\lib30\r8clib.lib )
@ _i4mulu ( c:\program files\renesas\hew\tools\renesas\nc30wa\v545r01\lib30\r8clib.lib )
@ nmemcpy ( c:\program files\renesas\hew\tools\renesas\nc30wa\v545r01\lib30\r8clib.lib )
@ nmemset ( c:\program files\renesas\hew\tools\renesas\nc30wa\v545r01\lib30\r8clib.lib )
@ nstrcat ( c:\program files\renesas\hew\tools\renesas\nc30wa\v545r01\lib30\r8clib.lib )
@ _nstrcpy ( c:\program files\renesas\hew\tools\renesas\nc30wa\v545r01\lib30\r8clib.lib )

##########################################
# (7) LOCAL EQU SYMBOL INFORMATION       #
##########################################
@ draw_task ( E:\dev\projects\self\AutoFeeder\code\autoFishFeeder\Project\Hew\autoFeeder\autoFeeder\Debug\draw_task.r30 )
@ drv_clk ( E:\dev\projects\self\AutoFeeder\code\autoFishFeeder\Project\Hew\autoFeeder\autoFeeder\Debug\drv_clk.r30 )
@ drv_csi1 ( E:\dev\projects\self\AutoFeeder\code\autoFishFeeder\Project\Hew\autoFeeder\autoFeeder\Debug\drv_csi1.r30 )
@ drv_flash ( E:\dev\projects\self\AutoFeeder\code\autoFishFeeder\Project\Hew\autoFeeder\autoFeeder\Debug\drv_flash.r30 )
@ drv_iic ( E:\dev\projects\self\AutoFeeder\code\autoFishFeeder\Project\Hew\autoFeeder\autoFeeder\Debug\drv_iic.r30 )
@ drv_int ( E:\dev\projects\self\AutoFeeder\code\autoFishFeeder\Project\Hew\autoFeeder\autoFeeder\Debug\drv_int.r30 )
@ drv_key ( E:\dev\projects\self\AutoFeeder\code\autoFishFeeder\Project\Hew\autoFeeder\autoFeeder\Debug\drv_key.r30 )
@ drv_led ( E:\dev\projects\self\AutoFeeder\code\autoFishFeeder\Project\Hew\autoFeeder\autoFeeder\Debug\drv_led.r30 )
@ drv_o2 ( E:\dev\projects\self\AutoFeeder\code\autoFishFeeder\Project\Hew\autoFeeder\autoFeeder\Debug\drv_o2.r30 )
@ drv_oled ( E:\dev\projects\self\AutoFeeder\code\autoFishFeeder\Project\Hew\autoFeeder\autoFeeder\Debug\drv_oled.r30 )
@ drv_pwr ( E:\dev\projects\self\AutoFeeder\code\autoFishFeeder\Project\Hew\autoFeeder\autoFeeder\Debug\drv_pwr.r30 )
@ drv_Stepper ( E:\dev\projects\self\AutoFeeder\code\autoFishFeeder\Project\Hew\autoFeeder\autoFeeder\Debug\drv_Stepper.r30 )
@ drv_tmr0 ( E:\dev\projects\self\AutoFeeder\code\autoFishFeeder\Project\Hew\autoFeeder\autoFeeder\Debug\drv_tmr0.r30 )
@ drv_wdt ( E:\dev\projects\self\AutoFeeder\code\autoFishFeeder\Project\Hew\autoFeeder\autoFeeder\Debug\drv_wdt.r30 )
@ fvector ( E:\dev\projects\self\AutoFeeder\code\autoFishFeeder\Project\Hew\autoFeeder\autoFeeder\Debug\fvector.r30 )
@ heap ( E:\dev\projects\self\AutoFeeder\code\autoFishFeeder\Project\Hew\autoFeeder\autoFeeder\Debug\heap.r30 )
@ if_disp ( E:\dev\projects\self\AutoFeeder\code\autoFishFeeder\Project\Hew\autoFeeder\autoFeeder\Debug\if_disp.r30 )
@ if_key ( E:\dev\projects\self\AutoFeeder\code\autoFishFeeder\Project\Hew\autoFeeder\autoFeeder\Debug\if_key.r30 )
@ if_oled_draw ( E:\dev\projects\self\AutoFeeder\code\autoFishFeeder\Project\Hew\autoFeeder\autoFeeder\Debug\if_oled_draw.r30 )
@ if_oled_text ( E:\dev\projects\self\AutoFeeder\code\autoFishFeeder\Project\Hew\autoFeeder\autoFeeder\Debug\if_oled_text.r30 )
@ if_serial_flash ( E:\dev\projects\self\AutoFeeder\code\autoFishFeeder\Project\Hew\autoFeeder\autoFeeder\Debug\if_serial_flash.r30 )
@ initsct ( E:\dev\projects\self\AutoFeeder\code\autoFishFeeder\Project\Hew\autoFeeder\autoFeeder\Debug\initsct.r30 )
@ intprg ( E:\dev\projects\self\AutoFeeder\code\autoFishFeeder\Project\Hew\autoFeeder\autoFeeder\Debug\intprg.r30 )
@ main ( E:\dev\projects\self\AutoFeeder\code\autoFishFeeder\Project\Hew\autoFeeder\autoFeeder\Debug\main.r30 )
@ resetprg ( E:\dev\projects\self\AutoFeeder\code\autoFishFeeder\Project\Hew\autoFeeder\autoFeeder\Debug\resetprg.r30 )
@ _i4divu ( c:\program files\renesas\hew\tools\renesas\nc30wa\v545r01\lib30\r8clib.lib )
@ _i4mulu ( c:\program files\renesas\hew\tools\renesas\nc30wa\v545r01\lib30\r8clib.lib )
@ nmemcpy ( c:\program files\renesas\hew\tools\renesas\nc30wa\v545r01\lib30\r8clib.lib )
@ nmemset ( c:\program files\renesas\hew\tools\renesas\nc30wa\v545r01\lib30\r8clib.lib )
@ nstrcat ( c:\program files\renesas\hew\tools\renesas\nc30wa\v545r01\lib30\r8clib.lib )
@ _nstrcpy ( c:\program files\renesas\hew\tools\renesas\nc30wa\v545r01\lib30\r8clib.lib )

##########################################
# (8) LOCAL EQU BIT-SYMBOL INFORMATION   #
##########################################
@ draw_task ( E:\dev\projects\self\AutoFeeder\code\autoFishFeeder\Project\Hew\autoFeeder\autoFeeder\Debug\draw_task.r30 )
@ drv_clk ( E:\dev\projects\self\AutoFeeder\code\autoFishFeeder\Project\Hew\autoFeeder\autoFeeder\Debug\drv_clk.r30 )
@ drv_csi1 ( E:\dev\projects\self\AutoFeeder\code\autoFishFeeder\Project\Hew\autoFeeder\autoFeeder\Debug\drv_csi1.r30 )
@ drv_flash ( E:\dev\projects\self\AutoFeeder\code\autoFishFeeder\Project\Hew\autoFeeder\autoFeeder\Debug\drv_flash.r30 )
@ drv_iic ( E:\dev\projects\self\AutoFeeder\code\autoFishFeeder\Project\Hew\autoFeeder\autoFeeder\Debug\drv_iic.r30 )
@ drv_int ( E:\dev\projects\self\AutoFeeder\code\autoFishFeeder\Project\Hew\autoFeeder\autoFeeder\Debug\drv_int.r30 )
@ drv_key ( E:\dev\projects\self\AutoFeeder\code\autoFishFeeder\Project\Hew\autoFeeder\autoFeeder\Debug\drv_key.r30 )
@ drv_led ( E:\dev\projects\self\AutoFeeder\code\autoFishFeeder\Project\Hew\autoFeeder\autoFeeder\Debug\drv_led.r30 )
@ drv_o2 ( E:\dev\projects\self\AutoFeeder\code\autoFishFeeder\Project\Hew\autoFeeder\autoFeeder\Debug\drv_o2.r30 )
@ drv_oled ( E:\dev\projects\self\AutoFeeder\code\autoFishFeeder\Project\Hew\autoFeeder\autoFeeder\Debug\drv_oled.r30 )
@ drv_pwr ( E:\dev\projects\self\AutoFeeder\code\autoFishFeeder\Project\Hew\autoFeeder\autoFeeder\Debug\drv_pwr.r30 )
@ drv_Stepper ( E:\dev\projects\self\AutoFeeder\code\autoFishFeeder\Project\Hew\autoFeeder\autoFeeder\Debug\drv_Stepper.r30 )
@ drv_tmr0 ( E:\dev\projects\self\AutoFeeder\code\autoFishFeeder\Project\Hew\autoFeeder\autoFeeder\Debug\drv_tmr0.r30 )
@ drv_wdt ( E:\dev\projects\self\AutoFeeder\code\autoFishFeeder\Project\Hew\autoFeeder\autoFeeder\Debug\drv_wdt.r30 )
@ fvector ( E:\dev\projects\self\AutoFeeder\code\autoFishFeeder\Project\Hew\autoFeeder\autoFeeder\Debug\fvector.r30 )
@ heap ( E:\dev\projects\self\AutoFeeder\code\autoFishFeeder\Project\Hew\autoFeeder\autoFeeder\Debug\heap.r30 )
@ if_disp ( E:\dev\projects\self\AutoFeeder\code\autoFishFeeder\Project\Hew\autoFeeder\autoFeeder\Debug\if_disp.r30 )
@ if_key ( E:\dev\projects\self\AutoFeeder\code\autoFishFeeder\Project\Hew\autoFeeder\autoFeeder\Debug\if_key.r30 )
@ if_oled_draw ( E:\dev\projects\self\AutoFeeder\code\autoFishFeeder\Project\Hew\autoFeeder\autoFeeder\Debug\if_oled_draw.r30 )
@ if_oled_text ( E:\dev\projects\self\AutoFeeder\code\autoFishFeeder\Project\Hew\autoFeeder\autoFeeder\Debug\if_oled_text.r30 )
@ if_serial_flash ( E:\dev\projects\self\AutoFeeder\code\autoFishFeeder\Project\Hew\autoFeeder\autoFeeder\Debug\if_serial_flash.r30 )
@ initsct ( E:\dev\projects\self\AutoFeeder\code\autoFishFeeder\Project\Hew\autoFeeder\autoFeeder\Debug\initsct.r30 )
@ intprg ( E:\dev\projects\self\AutoFeeder\code\autoFishFeeder\Project\Hew\autoFeeder\autoFeeder\Debug\intprg.r30 )
@ main ( E:\dev\projects\self\AutoFeeder\code\autoFishFeeder\Project\Hew\autoFeeder\autoFeeder\Debug\main.r30 )
@ resetprg ( E:\dev\projects\self\AutoFeeder\code\autoFishFeeder\Project\Hew\autoFeeder\autoFeeder\Debug\resetprg.r30 )
@ _i4divu ( c:\program files\renesas\hew\tools\renesas\nc30wa\v545r01\lib30\r8clib.lib )
@ _i4mulu ( c:\program files\renesas\hew\tools\renesas\nc30wa\v545r01\lib30\r8clib.lib )
@ nmemcpy ( c:\program files\renesas\hew\tools\renesas\nc30wa\v545r01\lib30\r8clib.lib )
@ nmemset ( c:\program files\renesas\hew\tools\renesas\nc30wa\v545r01\lib30\r8clib.lib )
@ nstrcat ( c:\program files\renesas\hew\tools\renesas\nc30wa\v545r01\lib30\r8clib.lib )
@ _nstrcpy ( c:\program files\renesas\hew\tools\renesas\nc30wa\v545r01\lib30\r8clib.lib )

*** Mapping List ***

SECTION                            START      END         SIZE   ALIGN

data_SE
                                  00000400  00000400         0   2
bss_SE
                                  00000400  00000400         0   2
data_SO
                                  00000400  00000400         0   1
bss_SO
                                  00000400  00000400         0   1
data_NE
                                  00000400  00000445        46   2
bss_NE
                                  00000446  000004d7        92   2
data_NO
                                  000004d8  000004fb        24   1
bss_NO
                                  000004fc  00000500         5   1
stack
                                  00000501  00000600       100   1
istack
                                  00000601  00000700       100   1
rom_NE
                                  00004000  0000669f      26a0   2
rom_NO
                                  000066a0  000066a1         2   1
data_SEI
                                  000066a2  000066a2         0   1
data_SOI
                                  000066a2  000066a2         0   1
data_NEI
                                  000066a2  000066e7        46   1
data_NOI
                                  000066e8  0000670b        24   1
program
                                  0000670c  00009f45      383a   2
interrupt
                                  00009f46  00009fe2        9d   2
vector
                                  0000fedc  0000ffdb       100   1
fvector
                                  0000ffdc  0000ffff        24   1

*** Symbol List ***

SECTION=
FILE=                               START        END    SIZE
  SYMBOL                            ADDR        SIZE    INFO      COUNTS  OPT

SECTION=data_NE
FILE=E:/dev/projects/self/AutoFeeder/code/autoFishFeeder/source/app/draw/draw_task
                                  00000400  00000401         2
  _DispState
                                  00000400         2   data ,g         0
  __SB__
                                  00000400         0   none ,g         0

FILE=E:/dev/projects/self/AutoFeeder/code/autoFishFeeder/source/drv/drv_tmr0
                                  0000040c  0000040f         4
  _CurrentTimer
                                  0000040c         4   data ,g         0

FILE=E:/dev/projects/self/AutoFeeder/code/autoFishFeeder/source/interface/if_key
                                  00000410  00000413         4
  _U16TimerCountScanKey
                                  00000410         2   data ,g         0
  _U16TimerCountPressedKey
                                  00000412         2   data ,g         0

FILE=E:/dev/projects/self/AutoFeeder/code/autoFishFeeder/source/app/main
                                  00000416  00000445        30
  _vsysHour
                                  00000416         4   data ,g         0
  _vsysMinute
                                  0000041a         4   data ,g         0
  _vsysSecond
                                  0000041e         4   data ,g         0
  _vsysMilSecond
                                  00000422         4   data ,g         0
  _vsysFeedTime
                                  00000426         4   data ,g         0
  _vsysFeedHour
                                  0000042a         4   data ,g         0
  _vsysFeedMinute
                                  0000042e         4   data ,g         0
  _vsysFeedSecond
                                  00000432         4   data ,g         0
  _vsysO2Hour
                                  00000436         4   data ,g         0
  _vsysO2Minute
                                  0000043a         4   data ,g         0
  _vsysO2Second
                                  0000043e         4   data ,g         0
  _vsysO2Hour_Duration
                                  00000442         4   data ,g         0

SECTION=bss_NE
FILE=E:/dev/projects/self/AutoFeeder/code/autoFishFeeder/source/app/draw/draw_task
                                  00000446  00000449         4
  _DispWaitTM
                                  00000446         4   data ,g         0

FILE=E:/dev/projects/self/AutoFeeder/code/autoFishFeeder/source/drv/drv_csi1
                                  0000044a  0000044d         4
  _U16CSI1BufCount
                                  0000044a         2   data ,g         0
  _pU8CSI1Buf
                                  0000044c         2   data ,g         0

FILE=E:/dev/projects/self/AutoFeeder/code/autoFishFeeder/source/interface/if_oled_text
                                  00000458  000004d7        80
  _DrawBuf
                                  00000458        48   data ,g         0

SECTION=data_NO
FILE=E:/dev/projects/self/AutoFeeder/code/autoFishFeeder/source/app/draw/draw_task
                                  000004d8  000004e2         b
  _DispName
                                  000004d8         b   data ,g         0

FILE=E:/dev/projects/self/AutoFeeder/code/autoFishFeeder/source/app/main
                                  000004fb  000004fb         1
  _stSys
                                  000004fb         1   data ,g         0

SECTION=bss_NO
FILE=E:/dev/projects/self/AutoFeeder/code/autoFishFeeder/source/interface/if_disp
                                  000004fd  000004fd         1
  _DispCurLine
                                  000004fd         1   data ,g         0

SECTION=istack
FILE=E:/dev/projects/self/AutoFeeder/code/autoFishFeeder/source/drv/resetprg
                                  00000601  00000700       100
  __stack_top
                                  00000601         0   none ,g         0

SECTION=rom_NE
FILE=E:/dev/projects/self/AutoFeeder/code/autoFishFeeder/source/interface/if_oled_draw
                                  00004400  0000483f       440
  _BmpLogo
                                  00004400       140   data ,g         0
  _clockBMP
                                  00004540       200   data ,g         0
  _fishBmp
                                  00004740       100   data ,g         0

FILE=E:/dev/projects/self/AutoFeeder/code/autoFishFeeder/source/interface/if_oled_text
                                  00004840  0000669f      1e60
  _CodeASCII
                                  00004840       600   data ,g         0
  _CodeASCII24
                                  00004e40      1200   data ,g         0
  _CodeIco
                                  00006040       660   data ,g         0

SECTION=program
FILE=E:/dev/projects/self/AutoFeeder/code/autoFishFeeder/source/app/draw/draw_task
                                  0000670c  00006c94       589
  $DecToStr
                                  0000670c       1b0   func ,g         0
  $DecToStrSign
                                  000068bc       148   func ,g         0
  $Strformat2
                                  00006a04        6b   func ,g         0
  $Strformat3
                                  00006a70        8e   func ,g         0
  $updateTimerPaint
                                  00006afe        f3   func ,g         0
  _App_Task_Disp
                                  00006bf0        a5   func ,g         0

FILE=E:/dev/projects/self/AutoFeeder/code/autoFishFeeder/source/drv/drv_clk
                                  00006c96  00006cf1        5c
  _drv_Clk_SelectLowSpeedOCO
                                  00006c96        25   func ,g         0

FILE=E:/dev/projects/self/AutoFeeder/code/autoFishFeeder/source/drv/drv_csi1
                                  00006cf2  00006d8b        9a
  $drv_CSI1_Init
                                  00006cf2        9a   func ,g         0

FILE=E:/dev/projects/self/AutoFeeder/code/autoFishFeeder/source/drv/drv_flash
                                  00006d8c  000073ca       63f
  $drv_Flash_ReadData
                                  00006d8c        9f   func ,g         0
  $drv_Flash_Read32BytesData
                                  00006e2c       22e   func ,g         0
  $drv_Flash_WriteData
                                  0000705a        b4   func ,g         0
  _drv_Flash_WriteEnable
                                  0000710e        35   func ,g         0
  _drv_Flash_ProtectSector
                                  00007142        61   func ,g         0
  _drv_Flash_UnProtectSector
                                  000071a4        62   func ,g         0
  _drv_Flash_BlockErase4KBytes
                                  00007206        62   func ,g         0
  $drv_Flash_ReadStatusRegister
                                  00007268        5b   func ,g         0

FILE=E:/dev/projects/self/AutoFeeder/code/autoFishFeeder/source/drv/drv_iic
                                  000073cc  00007602       237
  _drv_I2C_Init
                                  000073cc        46   func ,g         0
  $drv_I2C_MasterSend
                                  00007412        5d   func ,g         0
  _drv_I2C_Int
                                  00007470       184   func ,g         0

FILE=E:/dev/projects/self/AutoFeeder/code/autoFishFeeder/source/drv/drv_int
                                  00007604  0000760a         7
  _drv_INT_Disable
                                  00007604         3   func ,g         0

FILE=E:/dev/projects/self/AutoFeeder/code/autoFishFeeder/source/drv/drv_key
                                  0000760c  0000761f        14
  _drv_Key_InitKey
                                  0000760c        14   func ,g         0

FILE=E:/dev/projects/self/AutoFeeder/code/autoFishFeeder/source/drv/drv_led
                                  00007620  00007690        71
  _drv_Led_InitLed
                                  00007620        31   func ,g         0

FILE=E:/dev/projects/self/AutoFeeder/code/autoFishFeeder/source/drv/drv_o2
                                  00007692  000076bb        2a
  _drv_O2_init
                                  00007692         9   func ,g         0
  _sys_AddingO2
                                  0000769c        11   func ,g         0
  _sys_stopO2
                                  000076ac        10   func ,g         0

FILE=E:/dev/projects/self/AutoFeeder/code/autoFishFeeder/source/drv/drv_oled
                                  000076bc  00007f75       8ba
  $drv_OLED_CommandWrite
                                  000076bc        1d   func ,g         0
  $drv_OLED_DataWrite
                                  000076da        16   func ,g         0
  $drv_OLED_SetColumnAddress
                                  000076f0        1b   func ,g         0
  $drv_OLED_SetRowAddress
                                  0000770a        1a   func ,g         0
  _drv_OLED_SetWriteRAM
                                  00007724         7   func ,g         0
  _drv_OLED_SetReadRAM
                                  0000772c         8   func ,g         0
  $drv_OLED_SetRemapFormat
                                  00007734        1b   func ,g         0
  $drv_OLED_SetStartLine
                                  0000774e        14   func ,g         0
  $drv_OLED_SetDisplayOffset
                                  00007762        14   func ,g         0
  $drv_OLED_SetDisplayMode
                                  00007776        11   func ,g         0
  $drv_OLED_SetFunctionSelection
                                  00007788        15   func ,g         0
  $drv_OLED_SetDisplayOnOff
                                  0000779c        11   func ,g         0
  $drv_OLED_SetPhaseLength
                                  000077ae        15   func ,g         0
  $drv_OLED_SetPartialDisplay
                                  000077c2        21   func ,g         0
  $drv_OLED_SetDisplayClock
                                  000077e4        15   func ,g         0
  $drv_OLED_SetDisplayEnhancement_A
                                  000077f8        20   func ,g         0
  $drv_OLED_SetGPIO
                                  00007818        14   func ,g         0
  $drv_OLED_SetPrechargePeriod
                                  0000782c        14   func ,g         0
  $drv_OLED_SetPrechargeVoltage
                                  00007840        14   func ,g         0
  $drv_OLED_SetVCOMH
                                  00007854        14   func ,g         0
  $drv_OLED_SetContrastCurrent
                                  00007868        14   func ,g         0
  $drv_OLED_SetMasterCurrent
                                  0000787c        14   func ,g         0
  $drv_OLED_SetMultiplexRatio
                                  00007890        14   func ,g         0
  $drv_OLED_SetDisplayEnhancement_B
                                  000078a4        1d   func ,g         0
  $drv_OLED_SetCommandLock
                                  000078c2        17   func ,g         0
  $drv_OLED_SetGrayScaleTable
                                  000078d8        4a   func ,g         0
  $drv_OLED_GraphicWrite
                                  00007922        bb   func ,g         0
  $drv_OLED_GraphicWrite_Offset
                                  000079de        ba   func ,g         0
  $drv_OLED_GraphicLineV
                                  00007a98        b4   func ,g         0
  $drv_OLED_GraphicLineVT
                                  00007b4c       12f   func ,g         0
  $drv_OLED_GraphicLineH
                                  00007c7a       1ef   func ,g         0
  $drv_OLED_Clear
                                  00007ea6        41   func ,g         0

FILE=E:/dev/projects/self/AutoFeeder/code/autoFishFeeder/source/drv/drv_pwr
                                  00007f76  0000804a        d5
  _drv_Pwr_InitPwrCtrlPort
                                  00007f76        25   func ,g         0
  _drv_Pwr_12V_TurnOff
                                  00007f9c         6   func ,g         0
  _drv_Pwr_5V_TurnOff
                                  00007fa2         6   func ,g         0
  _drv_Pwr_3P3V_TurnOff
                                  00007fa8         6   func ,g         0
  _drv_Pwr_12V_TurnOn
                                  00007fae         6   func ,g         0
  _drv_Pwr_5V_TurnOn
                                  00007fb4         6   func ,g         0
  _drv_Pwr_3P3V_TurnOn
                                  00007fba         6   func ,g         0
  _drv_Pwr_SetPortForLowPower
                                  00007fc0        76   func ,g         0
  _drv_Pwr_InitPwrCtrl
                                  00008036         e   func ,g         0

FILE=E:/dev/projects/self/AutoFeeder/code/autoFishFeeder/source/drv/drv_Stepper
                                  0000804c  0000861d       5d2
  _drv_stepper_init
                                  0000804c        21   func ,g         0
  $drv_stepper_setRpm
                                  0000806e        13   func ,g         0
  _drv_stepper_set4076StepMode
                                  00008080         7   func ,g         0
  $drv_stepper_setTotalSteps
                                  00008088         e   func ,g         0
  $drv_stepper_move
                                  00008096        21   func ,g         0
  $drv_stepper_moveTo
                                  000080b6        48   func ,g         0
  $drv_stepper_moveDegrees
                                  000080fe        2c   func ,g         0
  $drv_stepper_moveToDegree
                                  0000812a        52   func ,g         0
  $drv_stepper_moveCW
                                  0000817c        10   func ,g         0
  $drv_stepper_moveCCW
                                  0000818c        10   func ,g         0
  $drv_stepper_moveToCW
                                  0000819c        10   func ,g         0
  $drv_stepper_moveToCCW
                                  000081ac        10   func ,g         0
  $drv_stepper_moveDegreesCW
                                  000081bc        10   func ,g         0
  $drv_stepper_moveDegreesCCW
                                  000081cc        10   func ,g         0
  $drv_stepper_moveToDegreeCW
                                  000081dc        10   func ,g         0
  $drv_stepper_moveToDegreeCCW
                                  000081ec        10   func ,g         0
  $drv_stepper_newMoveCW
                                  000081fc        10   func ,g         0
  $drv_stepper_newMoveCCW
                                  0000820c        10   func ,g         0
  $drv_stepper_newMoveToCW
                                  0000821c        10   func ,g         0
  $drv_stepper_newMoveToCCW
                                  0000822c        10   func ,g         0
  $drv_stepper_newMoveDegreesCW
                                  0000823c        10   func ,g         0
  $drv_stepper_newMoveDegreesCCW
                                  0000824c        10   func ,g         0
  $drv_stepper_newMoveToDegreeCW
                                  0000825c        10   func ,g         0
  $drv_stepper_newMoveToDegreeCCW
                                  0000826c        10   func ,g         0
  _drv_stepper_stepCW
                                  0000827c         6   func ,g         0
  _drv_stepper_stepCCW
                                  00008282         6   func ,g         0
  _drv_stepper_getStep
                                  00008288         5   func ,g         0
  _drv_stepper_getDelay
                                  0000828e         6   func ,g         0
  _drv_stepper_getRpm
                                  00008294         9   func ,g         0
  _drv_stepper_getStepsLeft
                                  0000829c         5   func ,g         0
  $drv_stepper_newMove
                                  000082a2        3c   func ,g         0
  $drv_stepper_newMoveTo
                                  000082de        7a   func ,g         0
  $drv_stepper_newMoveDegrees
                                  00008358        2d   func ,g         0
  $drv_stepper_newMoveToDegree
                                  00008384        52   func ,g         0
  _drv_stepper_run
                                  000083d6        1e   func ,g         0
  _drv_stepper_stop
                                  000083f4         5   func ,g         0
  $drv_stepper_step
                                  000083fa        12   func ,g         0
  _drv_stepper_off
                                  0000840c        1c   func ,g         0

FILE=E:/dev/projects/self/AutoFeeder/code/autoFishFeeder/source/drv/drv_tmr0
                                  0000861e  000086e4        c7
  _drv_Tmr0_InitTmr0InHighSpeed
                                  0000861e        19   func ,g         0
  _drv_Tmr0_InitTmr0InLowSpeed
                                  00008638        19   func ,g         0
  _TmrRAInt
                                  00008650        95   func ,g         0

FILE=E:/dev/projects/self/AutoFeeder/code/autoFishFeeder/source/drv/drv_wdt
                                  000086e6  00008749        64
  _drv_WDT_InitWDTInHighSpeedOCO
                                  000086e6        2b   func ,g         0
  _drv_WDT_InitWDTInLowSpeedOCO
                                  00008712        30   func ,g         0

FILE=E:/dev/projects/self/AutoFeeder/code/autoFishFeeder/source/drv/fvector
                                  0000874a  0000874e         5
  __dummy_int
                                  0000874a         5   func ,g         0

FILE=E:/dev/projects/self/AutoFeeder/code/autoFishFeeder/source/interface/if_disp
                                  00008750  0000876e        1f
  _if_Disp_Init
                                  00008750         9   func ,g         0

FILE=E:/dev/projects/self/AutoFeeder/code/autoFishFeeder/source/interface/if_key
                                  00008770  00008a04       295
  _if_Key_GetEvent
                                  00008770         4   func ,g         0
  $if_Key_GetState
                                  00008774        83   func ,g         0
  _if_Key_ClearEvent
                                  000087f8         5   func ,g         0

FILE=E:/dev/projects/self/AutoFeeder/code/autoFishFeeder/source/interface/if_oled_draw
                                  00008a06  00008db0       3ab
  $OLED_DrawLine
                                  00008a06        67   func ,g         0
  $OLED_DrawLineT
                                  00008a6e        39   func ,g         0
  $OLED_DrawBox
                                  00008aa6        e5   func ,g         0
  _if_disp_clear
                                  00008b8c         8   func ,g         0
  $OLED_DrawBmp
                                  00008b94       132   func ,g         0

FILE=E:/dev/projects/self/AutoFeeder/code/autoFishFeeder/source/interface/if_oled_text
                                  00008db2  00009a95       ce4
  $OLED_TextA_16
                                  00008e68       1a6   func ,g         0
  $OLED_TextA_24
                                  0000900e       282   func ,g         0
  $OLED_TextA_Rev
                                  00009290       1d3   func ,g         0
  $OLED_TextA
                                  00009462        3b   func ,g         0
  $OLED_Draw_TextRoll24
                                  0000949e       31d   func ,g         0
  $GetDrawTextWidthA
                                  000097ba        7f   func ,g         0
  $ConvertUTF8ToGBCode
                                  0000983a       1af   func ,g         0
  $ConvertUnicodeToGBCode
                                  000099e8        ae   func ,g         0

FILE=E:/dev/projects/self/AutoFeeder/code/autoFishFeeder/source/interface/if_serial_flash
                                  00009a96  00009b48        b3
  _if_Flash_InitFlashComm
                                  00009a96         9   func ,g         0
  $if_Flash_ReadData
                                  00009aa0        1b   func ,g         0
  $if_Flash_Read32BytesData
                                  00009aba        17   func ,g         0
  $if_Flash_ReadStatusRegister
                                  00009ad2        10   func ,g         0
  _if_Flash_Erase4KBytesBlock
                                  00009ae2        18   func ,g         0
  $if_Flash_WriteData
                                  00009afa        21   func ,g         0
  _if_Flash_ProtectSector
                                  00009b1a        17   func ,g         0

FILE=E:/dev/projects/self/AutoFeeder/code/autoFishFeeder/source/drv/intprg
                                  00009b4a  00009be0        97
  __brk
                                  00009b4a         5   func ,g         0
  __timer_rc
                                  00009b50         6   func ,g         0
  __timer_rd0
                                  00009b56         6   func ,g         0
  __timer_rd1
                                  00009b5c         6   func ,g         0
  __timer_re
                                  00009b62         6   func ,g         0
  __uart2_trance
                                  00009b68         6   func ,g         0
  __uart2_receive
                                  00009b6e         6   func ,g         0
  __input_key
                                  00009b74         6   func ,g         0
  __ssuic
                                  00009b7a         a   func ,g         0
  __compare1
                                  00009b84         6   func ,g         0
  __uart0_trance
                                  00009b8a         6   func ,g         0
  __uart0_receive
                                  00009b90         6   func ,g         0
  __uart1_trance
                                  00009b96         6   func ,g         0
  __uart1_receive
                                  00009b9c         6   func ,g         0
  __int2
                                  00009ba2         6   func ,g         0
  __timer_ra
                                  00009ba8         a   func ,g         0
  __timer_rb
                                  00009bb2         6   func ,g         0
  __int1
                                  00009bb8         6   func ,g         0
  __int3
                                  00009bbe         6   func ,g         0
  __timer_rf
                                  00009bc4         6   func ,g         0
  __compare0
                                  00009bca         6   func ,g         0
  __int0
                                  00009bd0         6   func ,g         0
  __ad_converter
                                  00009bd6         6   func ,g         0

FILE=E:/dev/projects/self/AutoFeeder/code/autoFishFeeder/source/app/main
                                  00009be2  00009e42       261
  _sys_IsFeedingTime
                                  00009be2        45   func ,g         0
  _sys_IsO2Time
                                  00009c28        46   func ,g         0
  _sys_IsO2TimeEnd
                                  00009c6e        26   func ,g         0
  _sys_Feeding
                                  00009c94        25   func ,g         0
  _sys_stopFeed
                                  00009cb8        14   func ,g         0
  _sys_IsFeedComplete
                                  00009ccc        13   func ,g         0
  _initMCU
                                  00009ce0        12   func ,g         0
  _sys_Init
                                  00009cf2        35   func ,g         0
  $sysAdjustTime
                                  00009d26        9c   func ,g         0
  _sysKeyPro
                                  00009dc2        1b   func ,g         0

FILE=_i4divu
                                  00009e44  00009e90        4d
  __i4divU
                                  00009e44        4d   func ,g         0

FILE=_i4mulu
                                  00009e92  00009ead        1c
  __i4mulU
                                  00009e92        1c   func ,g         0

FILE=nmemcpy
                                  00009eae  00009edb        2e
  $_n_n_memcpy
                                  00009eae        2e   func ,g         0

FILE=nmemset
                                  00009edc  00009f04        29
  $_n_memset
                                  00009edc        29   func ,g         0

FILE=nstrcat
                                  00009f06  00009f24        1f
  $_n_n_strcat
                                  00009f06        1f   func ,g         0

FILE=_nstrcpy
                                  00009f26  00009f45        20
  $_n_n_strcpy
                                  00009f26         0   func ,g         0
  $strcpy
                                  00009f26         0   func ,g         0

SECTION=interrupt
FILE=E:/dev/projects/self/AutoFeeder/code/autoFishFeeder/source/drv/initsct
                                  00009f46  00009faa        65
  _initsct
                                  00009f46        65   func ,g         0

FILE=E:/dev/projects/self/AutoFeeder/code/autoFishFeeder/source/drv/resetprg
                                  00009fac  00009fe2        37
  _start
                                  00009fac        32   func ,g         0
  _exit
                                  00009fde         5   func ,g         0

