##########################################
# (1) LINK INFORMATION                   #
##########################################
c:\program files\renesas\hew\tools\renesas\nc30wa\v545r01\bin\ln30.exe @E:\dev\projects\self\AutoFeeder\code\autoFishFeeder\Project\Hew\autoFeeder\autoFeeder\Debug\autoFeeder.m16cl

# ID CODE DATA
.ID  "#FFFFFFFFFFFFFF"

# OPTION FUNCTION SELECT REGISTER
.OFSREG  FFH

# LINK FILE INFORMATION
draw_task (E:\dev\projects\self\AutoFeeder\code\autoFishFeeder\Project\Hew\autoFeeder\autoFeeder\Debug\draw_task.r30)
	Dec 27 21:30:35 2020

drv_clk (E:\dev\projects\self\AutoFeeder\code\autoFishFeeder\Project\Hew\autoFeeder\autoFeeder\Debug\drv_clk.r30)
	Nov 26 21:17:53 2020

drv_csi1 (E:\dev\projects\self\AutoFeeder\code\autoFishFeeder\Project\Hew\autoFeeder\autoFeeder\Debug\drv_csi1.r30)
	Nov 26 21:17:53 2020

drv_flash (E:\dev\projects\self\AutoFeeder\code\autoFishFeeder\Project\Hew\autoFeeder\autoFeeder\Debug\drv_flash.r30)
	Nov 26 21:17:53 2020

drv_iic (E:\dev\projects\self\AutoFeeder\code\autoFishFeeder\Project\Hew\autoFeeder\autoFeeder\Debug\drv_iic.r30)
	Nov 26 21:17:54 2020

drv_int (E:\dev\projects\self\AutoFeeder\code\autoFishFeeder\Project\Hew\autoFeeder\autoFeeder\Debug\drv_int.r30)
	Nov 26 21:17:54 2020

drv_key (E:\dev\projects\self\AutoFeeder\code\autoFishFeeder\Project\Hew\autoFeeder\autoFeeder\Debug\drv_key.r30)
	Nov 26 21:17:54 2020

drv_led (E:\dev\projects\self\AutoFeeder\code\autoFishFeeder\Project\Hew\autoFeeder\autoFeeder\Debug\drv_led.r30)
	Dec 27 21:58:20 2020

drv_oled (E:\dev\projects\self\AutoFeeder\code\autoFishFeeder\Project\Hew\autoFeeder\autoFeeder\Debug\drv_oled.r30)
	Nov 26 21:17:55 2020

drv_pwr (E:\dev\projects\self\AutoFeeder\code\autoFishFeeder\Project\Hew\autoFeeder\autoFeeder\Debug\drv_pwr.r30)
	Nov 26 21:17:55 2020

drv_Stepper (E:\dev\projects\self\AutoFeeder\code\autoFishFeeder\Project\Hew\autoFeeder\autoFeeder\Debug\drv_Stepper.r30)
	Dec 27 21:58:19 2020

drv_tmr0 (E:\dev\projects\self\AutoFeeder\code\autoFishFeeder\Project\Hew\autoFeeder\autoFeeder\Debug\drv_tmr0.r30)
	Dec 27 21:58:20 2020

drv_wdt (E:\dev\projects\self\AutoFeeder\code\autoFishFeeder\Project\Hew\autoFeeder\autoFeeder\Debug\drv_wdt.r30)
	Nov 26 21:17:55 2020

fvector (E:\dev\projects\self\AutoFeeder\code\autoFishFeeder\Project\Hew\autoFeeder\autoFeeder\Debug\fvector.r30)
	Nov 26 21:17:56 2020

heap (E:\dev\projects\self\AutoFeeder\code\autoFishFeeder\Project\Hew\autoFeeder\autoFeeder\Debug\heap.r30)
	Nov 26 21:17:56 2020

if_disp (E:\dev\projects\self\AutoFeeder\code\autoFishFeeder\Project\Hew\autoFeeder\autoFeeder\Debug\if_disp.r30)
	Nov 26 21:17:57 2020

if_key (E:\dev\projects\self\AutoFeeder\code\autoFishFeeder\Project\Hew\autoFeeder\autoFeeder\Debug\if_key.r30)
	Nov 26 21:17:57 2020

if_oled_draw (E:\dev\projects\self\AutoFeeder\code\autoFishFeeder\Project\Hew\autoFeeder\autoFeeder\Debug\if_oled_draw.r30)
	Nov 26 21:17:57 2020

if_oled_text (E:\dev\projects\self\AutoFeeder\code\autoFishFeeder\Project\Hew\autoFeeder\autoFeeder\Debug\if_oled_text.r30)
	Nov 26 21:17:58 2020

if_serial_flash (E:\dev\projects\self\AutoFeeder\code\autoFishFeeder\Project\Hew\autoFeeder\autoFeeder\Debug\if_serial_flash.r30)
	Nov 26 21:17:58 2020

initsct (E:\dev\projects\self\AutoFeeder\code\autoFishFeeder\Project\Hew\autoFeeder\autoFeeder\Debug\initsct.r30)
	Nov 26 21:17:56 2020

intprg (E:\dev\projects\self\AutoFeeder\code\autoFishFeeder\Project\Hew\autoFeeder\autoFeeder\Debug\intprg.r30)
	Nov 26 21:17:56 2020

main (E:\dev\projects\self\AutoFeeder\code\autoFishFeeder\Project\Hew\autoFeeder\autoFeeder\Debug\main.r30)
	Dec 27 21:58:19 2020

resetprg (E:\dev\projects\self\AutoFeeder\code\autoFishFeeder\Project\Hew\autoFeeder\autoFeeder\Debug\resetprg.r30)
	Nov 26 21:17:56 2020

_i4divu (c:\program files\renesas\hew\tools\renesas\nc30wa\v545r01\lib30\r8clib.lib)
	Jan  6 15:31:32 2010

_i4mulu (c:\program files\renesas\hew\tools\renesas\nc30wa\v545r01\lib30\r8clib.lib)
	Jan  6 15:31:33 2010

nmemcpy (c:\program files\renesas\hew\tools\renesas\nc30wa\v545r01\lib30\r8clib.lib)
	Jan  6 15:31:55 2010

nmemset (c:\program files\renesas\hew\tools\renesas\nc30wa\v545r01\lib30\r8clib.lib)
	Jan  6 15:31:56 2010

nstrcat (c:\program files\renesas\hew\tools\renesas\nc30wa\v545r01\lib30\r8clib.lib)
	Jan  6 15:31:56 2010

_nstrcpy (c:\program files\renesas\hew\tools\renesas\nc30wa\v545r01\lib30\r8clib.lib)
	Jan  6 15:32:09 2010


##########################################
# (2) SECTION INFORMATION                #
##########################################
# SECTION                        ATR TYPE    START  LENGTH ALIGN MODULENAME
data_SE                          REL DATA    000400 000000 2     initsct
bss_SE                           REL DATA    000400 000000 2     initsct
data_SO                          REL DATA    000400 000000       initsct
bss_SO                           REL DATA    000400 000000       initsct
data_NE                          REL DATA    000400 000002 2     draw_task
                                 REL DATA    000402 00000A 2     drv_Stepper
                                 REL DATA    00040C 000004 2     drv_tmr0
                                 REL DATA    000410 000004 2     if_key
                                 REL DATA    000414 000002 2     if_oled_draw
                                 REL DATA    000416 000000 2     initsct
                                 REL DATA    000416 00002C 2     main
bss_NE                           REL DATA    000442 000004 2     draw_task
                                 REL DATA    000446 000004 2     drv_csi1
                                 REL DATA    00044A 000006 2     drv_flash
                                 REL DATA    000450 000004 2     drv_iic
                                 REL DATA    000454 000080 2     if_oled_text
                                 REL DATA    0004D4 000000 2     initsct
data_NO                          REL DATA    0004D4 00000B       draw_task
                                 REL DATA    0004DF 000003       if_key
                                 REL DATA    0004E2 000015       if_oled_draw
                                 REL DATA    0004F7 000000       initsct
                                 REL DATA    0004F7 000001       main
bss_NO                           REL DATA    0004F8 000001       drv_iic
                                 REL DATA    0004F9 000001       if_disp
                                 REL DATA    0004FA 000003       if_key
                                 REL DATA    0004FD 000000       initsct
stack                            REL DATA    0004FD 000100       resetprg
istack                           REL DATA    0005FD 000100       resetprg
rom_NE                           REL ROMDATA 004000 000400 2     drv_oled
                                 REL ROMDATA 004400 000440 2     if_oled_draw
                                 REL ROMDATA 004840 001E60 2     if_oled_text
rom_NO                           REL ROMDATA 0066A0 000002       draw_task
data_SEI                         REL ROMDATA 0066A2 000000       initsct
data_SOI                         REL ROMDATA 0066A2 000000       initsct
data_NEI                         REL ROMDATA 0066A2 000002       draw_task
                                 REL ROMDATA 0066A4 00000A       drv_Stepper
                                 REL ROMDATA 0066AE 000004       drv_tmr0
                                 REL ROMDATA 0066B2 000004       if_key
                                 REL ROMDATA 0066B6 000002       if_oled_draw
                                 REL ROMDATA 0066B8 000000       initsct
                                 REL ROMDATA 0066B8 00002C       main
data_NOI                         REL ROMDATA 0066E4 00000B       draw_task
                                 REL ROMDATA 0066EF 000003       if_key
                                 REL ROMDATA 0066F2 000015       if_oled_draw
                                 REL ROMDATA 006707 000000       initsct
                                 REL ROMDATA 006707 000001       main
program                          REL CODE    006708 000589 2     draw_task
                                 REL CODE    006C92 00005C 2     drv_clk
                                 REL CODE    006CEE 00009A 2     drv_csi1
                                 REL CODE    006D88 00063F 2     drv_flash
                                 REL CODE    0073C8 000237 2     drv_iic
                                 REL CODE    007600 000007 2     drv_int
                                 REL CODE    007608 000014 2     drv_key
                                 REL CODE    00761C 000071 2     drv_led
                                 REL CODE    00768E 0008BA 2     drv_oled
                                 REL CODE    007F48 0000D5 2     drv_pwr
                                 REL CODE    00801E 0005D2 2     drv_Stepper
                                 REL CODE    0085F0 0000C7 2     drv_tmr0
                                 REL CODE    0086B8 000064 2     drv_wdt
                                 REL CODE    00871C 000005 2     fvector
                                 REL CODE    008722 00001F 2     if_disp
                                 REL CODE    008742 000295 2     if_key
                                 REL CODE    0089D8 0003AB 2     if_oled_draw
                                 REL CODE    008D84 000CE4 2     if_oled_text
                                 REL CODE    009A68 0000B3 2     if_serial_flash
                                 REL CODE    009B1C 000097 2     intprg
                                 REL CODE    009BB4 000252 2     main
                                 REL CODE    009E06 00004D 2     _i4divu
                                 REL CODE    009E54 00001C 2     _i4mulu
                                 REL CODE    009E70 00002E 2     nmemcpy
                                 REL CODE    009E9E 000029 2     nmemset
                                 REL CODE    009EC8 00001F 2     nstrcat
                                 REL CODE    009EE8 000020 2     _nstrcpy
interrupt                        REL CODE    009F08 000065 2     initsct
                                 REL CODE    009F6E 000037 2     resetprg
vector                           REL ROMDATA 00FEDC 000100       intprg
fvector                          ABS ROMDATA 00FFDC 000024       fvector
# Total -------------------------------------------------------------------
                                     DATA           0002FD(0000765) Byte(s)
                                     ROMDATA        00282C(0010284) Byte(s)
                                     CODE           00389D(0014493) Byte(s)

##########################################
# VARIABLE VECTOR TABLE INFORMATION      #
##########################################
No.  Address               No.  Address               No.  Address
0    __brk                 1    __dummy_int           2    __dummy_int           
3    __dummy_int           4    __dummy_int           5    __dummy_int           
6    __dummy_int           7    __timer_rc            8    __timer_rd0           
9    __timer_rd1           10   __timer_re            11   __uart2_trance        
12   __uart2_receive       13   __input_key           14   __dummy_int           
15   __ssuic               16   __compare1            17   __uart0_trance        
18   __uart0_receive       19   __uart1_trance        20   __uart1_receive       
21   __int2                22   __timer_ra            23   __dummy_int           
24   __timer_rb            25   __int1                26   __int3                
27   __timer_rf            28   __compare0            29   __int0                
30   __ad_converter        31   __capture             32   __dummy_int           
33   __dummy_int           34   __dummy_int           35   __dummy_int           
36   __dummy_int           37   __dummy_int           38   __dummy_int           
39   __dummy_int           40   __dummy_int           41   __dummy_int           
42   __dummy_int           43   __dummy_int           44   __dummy_int           
45   __dummy_int           46   __dummy_int           47   __dummy_int           
48   __dummy_int           49   __dummy_int           50   __dummy_int           
51   __dummy_int           52   __dummy_int           53   __dummy_int           
54   __dummy_int           55   __dummy_int           56   __dummy_int           
57   __dummy_int           58   __dummy_int           59   __dummy_int           
60   __dummy_int           61   __dummy_int           62   __dummy_int           
63   __dummy_int           

##########################################
# (3) GLOBAL LABEL INFORMATION           #
##########################################
$ConvertUTF8ToGB   00980c  $ConvertUnicodeT   0099ba  $DecToStr          006708
$DecToStrSign      0068b8  $Draw_PlayTimePr   008c98  $GetDrawTextWidt   00978c
$OLED_DrawBmp      008b66  $OLED_DrawBox      008a78  $OLED_DrawLine     0089d8
$OLED_DrawLineT    008a40  $OLED_Draw_TextR   009470  $OLED_TextA        009434
$OLED_TextA_16     008e3a  $OLED_TextA_24     008fe0  $OLED_TextA_Rev    009262
$Strformat2        006a00  $Strformat3        006a6c  $_n_memset         009e9e
$_n_n_memcpy       009e70  $_n_n_strcat       009ec8  $_n_n_strcpy       009ee8
$drv_CSI1_Init     006cee  $drv_Flash_Read3   006e28  $drv_Flash_ReadD   006d88
$drv_Flash_ReadS   007264  $drv_Flash_Write   007056  $drv_I2C_MasterS   00740e
$drv_Led_SetStat   00764e  $drv_OLED_Clear    007e78  $drv_OLED_Comman   00768e
$drv_OLED_DataWr   0076ac  $drv_OLED_Graphi   007c4c  $drv_OLED_Graphi   007a6a
$drv_OLED_Graphi   007b1e  $drv_OLED_Graphi   0078f4  $drv_OLED_Graphi   0079b0
$drv_OLED_SetCol   0076c2  $drv_OLED_SetCom   007894  $drv_OLED_SetCon   00783a
$drv_OLED_SetDis   0077b6  $drv_OLED_SetDis   0077ca  $drv_OLED_SetDis   007876
$drv_OLED_SetDis   007748  $drv_OLED_SetDis   007734  $drv_OLED_SetDis   00776e
$drv_OLED_SetFun   00775a  $drv_OLED_SetGPI   0077ea  $drv_OLED_SetGra   0078aa
$drv_OLED_SetMas   00784e  $drv_OLED_SetMul   007862  $drv_OLED_SetPar   007794
$drv_OLED_SetPha   007780  $drv_OLED_SetPre   0077fe  $drv_OLED_SetPre   007812
$drv_OLED_SetRem   007706  $drv_OLED_SetRow   0076dc  $drv_OLED_SetSta   007720
$drv_OLED_SetVCO   007826  $drv_stepper_mov   008068  $drv_stepper_mov   00815e
$drv_stepper_mov   00814e  $drv_stepper_mov   0080d0  $drv_stepper_mov   00819e
$drv_stepper_mov   00818e  $drv_stepper_mov   008088  $drv_stepper_mov   00817e
$drv_stepper_mov   00816e  $drv_stepper_mov   0080fc  $drv_stepper_mov   0081be
$drv_stepper_mov   0081ae  $drv_stepper_new   008274  $drv_stepper_new   0081de
$drv_stepper_new   0081ce  $drv_stepper_new   00832a  $drv_stepper_new   00821e
$drv_stepper_new   00820e  $drv_stepper_new   0082b0  $drv_stepper_new   0081fe
$drv_stepper_new   0081ee  $drv_stepper_new   008356  $drv_stepper_new   00823e
$drv_stepper_new   00822e  $drv_stepper_set   008040  $drv_stepper_set   00805a
$drv_stepper_ste   0083cc  $if_Disp_SetStar   00872c  $if_Flash_Read32   009a8c
$if_Flash_ReadDa   009a72  $if_Flash_ReadSt   009aa4  $if_Flash_WriteD   009acc
$if_Key_GetState   008746  $strcpy            009ee8  $sysAdjustTime     009cf6
$updateTimerPain   006afa  _App_Task_Disp     006bec  _BmpLogo           004400
_CodeASCII         004840  _CodeASCII24       004e40  _CodeIco           006040
_CurrentTimer      00040c  _DispCurLine       0004f9  _DispName          0004d4
_DispState         000400  _DispWaitTM        000442  _DrawBuf           000454
_TmrRAInt          008622  _U16CSI1BufCount   000446  _U16TimerCountPr   000412
_U16TimerCountSc   000410  __ad_converter     009ba8  __brk              009b1c
__capture          009bae  __compare0         009b9c  __compare1         009b56
__dummy_int        00871c  __i4divU           009e06  __i4mulU           009e54
__input_key        009b46  __int0             009ba2  __int1             009b8a
__int2             009b74  __int3             009b90  __istack_top       0006fd
__ssuic            009b4c  __stack_top        0005fd  __timer_ra         009b7a
__timer_rb         009b84  __timer_rc         009b22  __timer_rd0        009b28
__timer_rd1        009b2e  __timer_re         009b34  __timer_rf         009b96
__uart0_receive    009b62  __uart0_trance     009b5c  __uart1_receive    009b6e
__uart1_trance     009b68  __uart2_receive    009b40  __uart2_trance     009b3a
_clockBMP          004540  _drv_Clk_SelectH   006cb8  _drv_Clk_SelectL   006c92
_drv_Flash_Block   007202  _drv_Flash_Prote   00713e  _drv_Flash_UnPro   0071a0
_drv_Flash_Write   00710a  _drv_I2C_GetI2CB   0075f0  _drv_I2C_Init      0073c8
_drv_I2C_Int       00746c  _drv_INT_Disable   007600  _drv_INT_Enable    007604
_drv_Key_InitKey   007608  _drv_Led_InitLed   00761c  _drv_OLED_Init     007eba
_drv_OLED_SetRea   0076fe  _drv_OLED_SetWri   0076f6  _drv_Power_TurnO   008016
_drv_Pwr_12V_Tur   007f6e  _drv_Pwr_12V_Tur   007f80  _drv_Pwr_3P3V_Tu   007f7a
_drv_Pwr_3P3V_Tu   007f8c  _drv_Pwr_5V_Turn   007f74  _drv_Pwr_5V_Turn   007f86
_drv_Pwr_InitPwr   008008  _drv_Pwr_InitPwr   007f48  _drv_Pwr_SetPort   007f92
_drv_Tmr0_InitTm   0085f0  _drv_Tmr0_InitTm   00860a  _drv_WDT_InitWDT   0086b8
_drv_WDT_InitWDT   0086e4  _drv_Watchdog_Fe   008714  _drv_stepper_get   008260
_drv_stepper_get   008266  _drv_stepper_get   00825a  _drv_stepper_get   00826e
_drv_stepper_ini   00801e  _drv_stepper_off   0083de  _drv_stepper_run   0083a8
_drv_stepper_set   008052  _drv_stepper_ste   008254  _drv_stepper_ste   00824e
_drv_stepper_sto   0083c6  _exit              009fa0  _fishBmp           004740
_if_Disp_Init      008722  _if_Flash_Erase4   009ab4  _if_Flash_InitFl   009a68
_if_Flash_Protec   009aec  _if_Flash_UnProt   009b04  _if_Key_ClearEve   0087ca
_if_Key_GetEvent   008742  _if_Key_Scan       0088d6  _if_disp_clear     008b5e
_initMCU           009cb4  _initsct           009f08  _main              009dae
_pU8CSI1Buf        000448  _stSys             0004f7  _start             009f6e
_sysKeyPro         009d92  _sys_AddingO2      009c64  _sys_Feeding       009c40
_sys_Init          009cc6  _sys_IsFeedCompl   009ca0  _sys_IsFeedingTi   009bb4
_sys_IsO2Time      009bfa  _sys_stopFeed      009c78  _sys_stopO2        009c8c
_vsysFeedHour      00042a  _vsysFeedMinute    00042e  _vsysFeedSecond    000432
_vsysFeedTime      000426  _vsysHour          000416  _vsysMilSecond     000422
_vsysMinute        00041a  _vsysO2Hour        000436  _vsysO2Minute      00043a
_vsysO2Second      00043e  _vsysSecond        00041e  

##########################################
# (4) GLOBAL EQU SYMBOL INFORMATION      #
##########################################
__SB__           00000400  

##########################################
# (5) GLOBAL EQU BIT-SYMBOL INFORMATION  #
##########################################

##########################################
# (6) LOCAL LABEL INFORMATION            #
##########################################
@ draw_task ( E:\dev\projects\self\AutoFeeder\code\autoFishFeeder\Project\Hew\autoFeeder\autoFeeder\Debug\draw_task.r30 )
@ drv_clk ( E:\dev\projects\self\AutoFeeder\code\autoFishFeeder\Project\Hew\autoFeeder\autoFeeder\Debug\drv_clk.r30 )
@ drv_csi1 ( E:\dev\projects\self\AutoFeeder\code\autoFishFeeder\Project\Hew\autoFeeder\autoFeeder\Debug\drv_csi1.r30 )
@ drv_flash ( E:\dev\projects\self\AutoFeeder\code\autoFishFeeder\Project\Hew\autoFeeder\autoFeeder\Debug\drv_flash.r30 )
@ drv_iic ( E:\dev\projects\self\AutoFeeder\code\autoFishFeeder\Project\Hew\autoFeeder\autoFeeder\Debug\drv_iic.r30 )
@ drv_int ( E:\dev\projects\self\AutoFeeder\code\autoFishFeeder\Project\Hew\autoFeeder\autoFeeder\Debug\drv_int.r30 )
@ drv_key ( E:\dev\projects\self\AutoFeeder\code\autoFishFeeder\Project\Hew\autoFeeder\autoFeeder\Debug\drv_key.r30 )
@ drv_led ( E:\dev\projects\self\AutoFeeder\code\autoFishFeeder\Project\Hew\autoFeeder\autoFeeder\Debug\drv_led.r30 )
@ drv_oled ( E:\dev\projects\self\AutoFeeder\code\autoFishFeeder\Project\Hew\autoFeeder\autoFeeder\Debug\drv_oled.r30 )
@ drv_pwr ( E:\dev\projects\self\AutoFeeder\code\autoFishFeeder\Project\Hew\autoFeeder\autoFeeder\Debug\drv_pwr.r30 )
@ drv_Stepper ( E:\dev\projects\self\AutoFeeder\code\autoFishFeeder\Project\Hew\autoFeeder\autoFeeder\Debug\drv_Stepper.r30 )
@ drv_tmr0 ( E:\dev\projects\self\AutoFeeder\code\autoFishFeeder\Project\Hew\autoFeeder\autoFeeder\Debug\drv_tmr0.r30 )
@ drv_wdt ( E:\dev\projects\self\AutoFeeder\code\autoFishFeeder\Project\Hew\autoFeeder\autoFeeder\Debug\drv_wdt.r30 )
@ fvector ( E:\dev\projects\self\AutoFeeder\code\autoFishFeeder\Project\Hew\autoFeeder\autoFeeder\Debug\fvector.r30 )
@ heap ( E:\dev\projects\self\AutoFeeder\code\autoFishFeeder\Project\Hew\autoFeeder\autoFeeder\Debug\heap.r30 )
@ if_disp ( E:\dev\projects\self\AutoFeeder\code\autoFishFeeder\Project\Hew\autoFeeder\autoFeeder\Debug\if_disp.r30 )
@ if_key ( E:\dev\projects\self\AutoFeeder\code\autoFishFeeder\Project\Hew\autoFeeder\autoFeeder\Debug\if_key.r30 )
@ if_oled_draw ( E:\dev\projects\self\AutoFeeder\code\autoFishFeeder\Project\Hew\autoFeeder\autoFeeder\Debug\if_oled_draw.r30 )
@ if_oled_text ( E:\dev\projects\self\AutoFeeder\code\autoFishFeeder\Project\Hew\autoFeeder\autoFeeder\Debug\if_oled_text.r30 )
@ if_serial_flash ( E:\dev\projects\self\AutoFeeder\code\autoFishFeeder\Project\Hew\autoFeeder\autoFeeder\Debug\if_serial_flash.r30 )
@ initsct ( E:\dev\projects\self\AutoFeeder\code\autoFishFeeder\Project\Hew\autoFeeder\autoFeeder\Debug\initsct.r30 )
@ intprg ( E:\dev\projects\self\AutoFeeder\code\autoFishFeeder\Project\Hew\autoFeeder\autoFeeder\Debug\intprg.r30 )
@ main ( E:\dev\projects\self\AutoFeeder\code\autoFishFeeder\Project\Hew\autoFeeder\autoFeeder\Debug\main.r30 )
@ resetprg ( E:\dev\projects\self\AutoFeeder\code\autoFishFeeder\Project\Hew\autoFeeder\autoFeeder\Debug\resetprg.r30 )
@ _i4divu ( c:\program files\renesas\hew\tools\renesas\nc30wa\v545r01\lib30\r8clib.lib )
@ _i4mulu ( c:\program files\renesas\hew\tools\renesas\nc30wa\v545r01\lib30\r8clib.lib )
@ nmemcpy ( c:\program files\renesas\hew\tools\renesas\nc30wa\v545r01\lib30\r8clib.lib )
@ nmemset ( c:\program files\renesas\hew\tools\renesas\nc30wa\v545r01\lib30\r8clib.lib )
@ nstrcat ( c:\program files\renesas\hew\tools\renesas\nc30wa\v545r01\lib30\r8clib.lib )
@ _nstrcpy ( c:\program files\renesas\hew\tools\renesas\nc30wa\v545r01\lib30\r8clib.lib )

##########################################
# (7) LOCAL EQU SYMBOL INFORMATION       #
##########################################
@ draw_task ( E:\dev\projects\self\AutoFeeder\code\autoFishFeeder\Project\Hew\autoFeeder\autoFeeder\Debug\draw_task.r30 )
@ drv_clk ( E:\dev\projects\self\AutoFeeder\code\autoFishFeeder\Project\Hew\autoFeeder\autoFeeder\Debug\drv_clk.r30 )
@ drv_csi1 ( E:\dev\projects\self\AutoFeeder\code\autoFishFeeder\Project\Hew\autoFeeder\autoFeeder\Debug\drv_csi1.r30 )
@ drv_flash ( E:\dev\projects\self\AutoFeeder\code\autoFishFeeder\Project\Hew\autoFeeder\autoFeeder\Debug\drv_flash.r30 )
@ drv_iic ( E:\dev\projects\self\AutoFeeder\code\autoFishFeeder\Project\Hew\autoFeeder\autoFeeder\Debug\drv_iic.r30 )
@ drv_int ( E:\dev\projects\self\AutoFeeder\code\autoFishFeeder\Project\Hew\autoFeeder\autoFeeder\Debug\drv_int.r30 )
@ drv_key ( E:\dev\projects\self\AutoFeeder\code\autoFishFeeder\Project\Hew\autoFeeder\autoFeeder\Debug\drv_key.r30 )
@ drv_led ( E:\dev\projects\self\AutoFeeder\code\autoFishFeeder\Project\Hew\autoFeeder\autoFeeder\Debug\drv_led.r30 )
@ drv_oled ( E:\dev\projects\self\AutoFeeder\code\autoFishFeeder\Project\Hew\autoFeeder\autoFeeder\Debug\drv_oled.r30 )
@ drv_pwr ( E:\dev\projects\self\AutoFeeder\code\autoFishFeeder\Project\Hew\autoFeeder\autoFeeder\Debug\drv_pwr.r30 )
@ drv_Stepper ( E:\dev\projects\self\AutoFeeder\code\autoFishFeeder\Project\Hew\autoFeeder\autoFeeder\Debug\drv_Stepper.r30 )
@ drv_tmr0 ( E:\dev\projects\self\AutoFeeder\code\autoFishFeeder\Project\Hew\autoFeeder\autoFeeder\Debug\drv_tmr0.r30 )
@ drv_wdt ( E:\dev\projects\self\AutoFeeder\code\autoFishFeeder\Project\Hew\autoFeeder\autoFeeder\Debug\drv_wdt.r30 )
@ fvector ( E:\dev\projects\self\AutoFeeder\code\autoFishFeeder\Project\Hew\autoFeeder\autoFeeder\Debug\fvector.r30 )
@ heap ( E:\dev\projects\self\AutoFeeder\code\autoFishFeeder\Project\Hew\autoFeeder\autoFeeder\Debug\heap.r30 )
@ if_disp ( E:\dev\projects\self\AutoFeeder\code\autoFishFeeder\Project\Hew\autoFeeder\autoFeeder\Debug\if_disp.r30 )
@ if_key ( E:\dev\projects\self\AutoFeeder\code\autoFishFeeder\Project\Hew\autoFeeder\autoFeeder\Debug\if_key.r30 )
@ if_oled_draw ( E:\dev\projects\self\AutoFeeder\code\autoFishFeeder\Project\Hew\autoFeeder\autoFeeder\Debug\if_oled_draw.r30 )
@ if_oled_text ( E:\dev\projects\self\AutoFeeder\code\autoFishFeeder\Project\Hew\autoFeeder\autoFeeder\Debug\if_oled_text.r30 )
@ if_serial_flash ( E:\dev\projects\self\AutoFeeder\code\autoFishFeeder\Project\Hew\autoFeeder\autoFeeder\Debug\if_serial_flash.r30 )
@ initsct ( E:\dev\projects\self\AutoFeeder\code\autoFishFeeder\Project\Hew\autoFeeder\autoFeeder\Debug\initsct.r30 )
@ intprg ( E:\dev\projects\self\AutoFeeder\code\autoFishFeeder\Project\Hew\autoFeeder\autoFeeder\Debug\intprg.r30 )
@ main ( E:\dev\projects\self\AutoFeeder\code\autoFishFeeder\Project\Hew\autoFeeder\autoFeeder\Debug\main.r30 )
@ resetprg ( E:\dev\projects\self\AutoFeeder\code\autoFishFeeder\Project\Hew\autoFeeder\autoFeeder\Debug\resetprg.r30 )
@ _i4divu ( c:\program files\renesas\hew\tools\renesas\nc30wa\v545r01\lib30\r8clib.lib )
@ _i4mulu ( c:\program files\renesas\hew\tools\renesas\nc30wa\v545r01\lib30\r8clib.lib )
@ nmemcpy ( c:\program files\renesas\hew\tools\renesas\nc30wa\v545r01\lib30\r8clib.lib )
@ nmemset ( c:\program files\renesas\hew\tools\renesas\nc30wa\v545r01\lib30\r8clib.lib )
@ nstrcat ( c:\program files\renesas\hew\tools\renesas\nc30wa\v545r01\lib30\r8clib.lib )
@ _nstrcpy ( c:\program files\renesas\hew\tools\renesas\nc30wa\v545r01\lib30\r8clib.lib )

##########################################
# (8) LOCAL EQU BIT-SYMBOL INFORMATION   #
##########################################
@ draw_task ( E:\dev\projects\self\AutoFeeder\code\autoFishFeeder\Project\Hew\autoFeeder\autoFeeder\Debug\draw_task.r30 )
@ drv_clk ( E:\dev\projects\self\AutoFeeder\code\autoFishFeeder\Project\Hew\autoFeeder\autoFeeder\Debug\drv_clk.r30 )
@ drv_csi1 ( E:\dev\projects\self\AutoFeeder\code\autoFishFeeder\Project\Hew\autoFeeder\autoFeeder\Debug\drv_csi1.r30 )
@ drv_flash ( E:\dev\projects\self\AutoFeeder\code\autoFishFeeder\Project\Hew\autoFeeder\autoFeeder\Debug\drv_flash.r30 )
@ drv_iic ( E:\dev\projects\self\AutoFeeder\code\autoFishFeeder\Project\Hew\autoFeeder\autoFeeder\Debug\drv_iic.r30 )
@ drv_int ( E:\dev\projects\self\AutoFeeder\code\autoFishFeeder\Project\Hew\autoFeeder\autoFeeder\Debug\drv_int.r30 )
@ drv_key ( E:\dev\projects\self\AutoFeeder\code\autoFishFeeder\Project\Hew\autoFeeder\autoFeeder\Debug\drv_key.r30 )
@ drv_led ( E:\dev\projects\self\AutoFeeder\code\autoFishFeeder\Project\Hew\autoFeeder\autoFeeder\Debug\drv_led.r30 )
@ drv_oled ( E:\dev\projects\self\AutoFeeder\code\autoFishFeeder\Project\Hew\autoFeeder\autoFeeder\Debug\drv_oled.r30 )
@ drv_pwr ( E:\dev\projects\self\AutoFeeder\code\autoFishFeeder\Project\Hew\autoFeeder\autoFeeder\Debug\drv_pwr.r30 )
@ drv_Stepper ( E:\dev\projects\self\AutoFeeder\code\autoFishFeeder\Project\Hew\autoFeeder\autoFeeder\Debug\drv_Stepper.r30 )
@ drv_tmr0 ( E:\dev\projects\self\AutoFeeder\code\autoFishFeeder\Project\Hew\autoFeeder\autoFeeder\Debug\drv_tmr0.r30 )
@ drv_wdt ( E:\dev\projects\self\AutoFeeder\code\autoFishFeeder\Project\Hew\autoFeeder\autoFeeder\Debug\drv_wdt.r30 )
@ fvector ( E:\dev\projects\self\AutoFeeder\code\autoFishFeeder\Project\Hew\autoFeeder\autoFeeder\Debug\fvector.r30 )
@ heap ( E:\dev\projects\self\AutoFeeder\code\autoFishFeeder\Project\Hew\autoFeeder\autoFeeder\Debug\heap.r30 )
@ if_disp ( E:\dev\projects\self\AutoFeeder\code\autoFishFeeder\Project\Hew\autoFeeder\autoFeeder\Debug\if_disp.r30 )
@ if_key ( E:\dev\projects\self\AutoFeeder\code\autoFishFeeder\Project\Hew\autoFeeder\autoFeeder\Debug\if_key.r30 )
@ if_oled_draw ( E:\dev\projects\self\AutoFeeder\code\autoFishFeeder\Project\Hew\autoFeeder\autoFeeder\Debug\if_oled_draw.r30 )
@ if_oled_text ( E:\dev\projects\self\AutoFeeder\code\autoFishFeeder\Project\Hew\autoFeeder\autoFeeder\Debug\if_oled_text.r30 )
@ if_serial_flash ( E:\dev\projects\self\AutoFeeder\code\autoFishFeeder\Project\Hew\autoFeeder\autoFeeder\Debug\if_serial_flash.r30 )
@ initsct ( E:\dev\projects\self\AutoFeeder\code\autoFishFeeder\Project\Hew\autoFeeder\autoFeeder\Debug\initsct.r30 )
@ intprg ( E:\dev\projects\self\AutoFeeder\code\autoFishFeeder\Project\Hew\autoFeeder\autoFeeder\Debug\intprg.r30 )
@ main ( E:\dev\projects\self\AutoFeeder\code\autoFishFeeder\Project\Hew\autoFeeder\autoFeeder\Debug\main.r30 )
@ resetprg ( E:\dev\projects\self\AutoFeeder\code\autoFishFeeder\Project\Hew\autoFeeder\autoFeeder\Debug\resetprg.r30 )
@ _i4divu ( c:\program files\renesas\hew\tools\renesas\nc30wa\v545r01\lib30\r8clib.lib )
@ _i4mulu ( c:\program files\renesas\hew\tools\renesas\nc30wa\v545r01\lib30\r8clib.lib )
@ nmemcpy ( c:\program files\renesas\hew\tools\renesas\nc30wa\v545r01\lib30\r8clib.lib )
@ nmemset ( c:\program files\renesas\hew\tools\renesas\nc30wa\v545r01\lib30\r8clib.lib )
@ nstrcat ( c:\program files\renesas\hew\tools\renesas\nc30wa\v545r01\lib30\r8clib.lib )
@ _nstrcpy ( c:\program files\renesas\hew\tools\renesas\nc30wa\v545r01\lib30\r8clib.lib )

*** Mapping List ***

SECTION                            START      END         SIZE   ALIGN

data_SE
                                  00000400  00000400         0   2
bss_SE
                                  00000400  00000400         0   2
data_SO
                                  00000400  00000400         0   1
bss_SO
                                  00000400  00000400         0   1
data_NE
                                  00000400  00000441        42   2
bss_NE
                                  00000442  000004d3        92   2
data_NO
                                  000004d4  000004f7        24   1
bss_NO
                                  000004f8  000004fc         5   1
stack
                                  000004fd  000005fc       100   1
istack
                                  000005fd  000006fc       100   1
rom_NE
                                  00004000  0000669f      26a0   2
rom_NO
                                  000066a0  000066a1         2   1
data_SEI
                                  000066a2  000066a2         0   1
data_SOI
                                  000066a2  000066a2         0   1
data_NEI
                                  000066a2  000066e3        42   1
data_NOI
                                  000066e4  00006707        24   1
program
                                  00006708  00009f07      3800   2
interrupt
                                  00009f08  00009fa4        9d   2
vector
                                  0000fedc  0000ffdb       100   1
fvector
                                  0000ffdc  0000ffff        24   1

*** Symbol List ***

SECTION=
FILE=                               START        END    SIZE
  SYMBOL                            ADDR        SIZE    INFO      COUNTS  OPT

SECTION=data_NE
FILE=E:/dev/projects/self/AutoFeeder/code/autoFishFeeder/source/app/draw/draw_task
                                  00000400  00000401         2
  _DispState
                                  00000400         2   data ,g         0
  __SB__
                                  00000400         0   none ,g         0

FILE=E:/dev/projects/self/AutoFeeder/code/autoFishFeeder/source/drv/drv_tmr0
                                  0000040c  0000040f         4
  _CurrentTimer
                                  0000040c         4   data ,g         0

FILE=E:/dev/projects/self/AutoFeeder/code/autoFishFeeder/source/interface/if_key
                                  00000410  00000413         4
  _U16TimerCountScanKey
                                  00000410         2   data ,g         0
  _U16TimerCountPressedKey
                                  00000412         2   data ,g         0

FILE=E:/dev/projects/self/AutoFeeder/code/autoFishFeeder/source/app/main
                                  00000416  00000441        2c
  _vsysHour
                                  00000416         4   data ,g         0
  _vsysMinute
                                  0000041a         4   data ,g         0
  _vsysSecond
                                  0000041e         4   data ,g         0
  _vsysMilSecond
                                  00000422         4   data ,g         0
  _vsysFeedTime
                                  00000426         4   data ,g         0
  _vsysFeedHour
                                  0000042a         4   data ,g         0
  _vsysFeedMinute
                                  0000042e         4   data ,g         0
  _vsysFeedSecond
                                  00000432         4   data ,g         0
  _vsysO2Hour
                                  00000436         4   data ,g         0
  _vsysO2Minute
                                  0000043a         4   data ,g         0
  _vsysO2Second
                                  0000043e         4   data ,g         0

SECTION=bss_NE
FILE=E:/dev/projects/self/AutoFeeder/code/autoFishFeeder/source/app/draw/draw_task
                                  00000442  00000445         4
  _DispWaitTM
                                  00000442         4   data ,g         0

FILE=E:/dev/projects/self/AutoFeeder/code/autoFishFeeder/source/drv/drv_csi1
                                  00000446  00000449         4
  _U16CSI1BufCount
                                  00000446         2   data ,g         0
  _pU8CSI1Buf
                                  00000448         2   data ,g         0

FILE=E:/dev/projects/self/AutoFeeder/code/autoFishFeeder/source/interface/if_oled_text
                                  00000454  000004d3        80
  _DrawBuf
                                  00000454        48   data ,g         0

SECTION=data_NO
FILE=E:/dev/projects/self/AutoFeeder/code/autoFishFeeder/source/app/draw/draw_task
                                  000004d4  000004de         b
  _DispName
                                  000004d4         b   data ,g         0

FILE=E:/dev/projects/self/AutoFeeder/code/autoFishFeeder/source/app/main
                                  000004f7  000004f7         1
  _stSys
                                  000004f7         1   data ,g         0

SECTION=bss_NO
FILE=E:/dev/projects/self/AutoFeeder/code/autoFishFeeder/source/interface/if_disp
                                  000004f9  000004f9         1
  _DispCurLine
                                  000004f9         1   data ,g         0

SECTION=istack
FILE=E:/dev/projects/self/AutoFeeder/code/autoFishFeeder/source/drv/resetprg
                                  000005fd  000006fc       100
  __stack_top
                                  000005fd         0   none ,g         0

SECTION=rom_NE
FILE=E:/dev/projects/self/AutoFeeder/code/autoFishFeeder/source/interface/if_oled_draw
                                  00004400  0000483f       440
  _BmpLogo
                                  00004400       140   data ,g         0
  _clockBMP
                                  00004540       200   data ,g         0
  _fishBmp
                                  00004740       100   data ,g         0

FILE=E:/dev/projects/self/AutoFeeder/code/autoFishFeeder/source/interface/if_oled_text
                                  00004840  0000669f      1e60
  _CodeASCII
                                  00004840       600   data ,g         0
  _CodeASCII24
                                  00004e40      1200   data ,g         0
  _CodeIco
                                  00006040       660   data ,g         0

SECTION=program
FILE=E:/dev/projects/self/AutoFeeder/code/autoFishFeeder/source/app/draw/draw_task
                                  00006708  00006c90       589
  $DecToStr
                                  00006708       1b0   func ,g         0
  $DecToStrSign
                                  000068b8       148   func ,g         0
  $Strformat2
                                  00006a00        6b   func ,g         0
  $Strformat3
                                  00006a6c        8e   func ,g         0
  $updateTimerPaint
                                  00006afa        f3   func ,g         0
  _App_Task_Disp
                                  00006bec        a5   func ,g         0

FILE=E:/dev/projects/self/AutoFeeder/code/autoFishFeeder/source/drv/drv_clk
                                  00006c92  00006ced        5c
  _drv_Clk_SelectLowSpeedOCO
                                  00006c92        25   func ,g         0

FILE=E:/dev/projects/self/AutoFeeder/code/autoFishFeeder/source/drv/drv_csi1
                                  00006cee  00006d87        9a
  $drv_CSI1_Init
                                  00006cee        9a   func ,g         0

FILE=E:/dev/projects/self/AutoFeeder/code/autoFishFeeder/source/drv/drv_flash
                                  00006d88  000073c6       63f
  $drv_Flash_ReadData
                                  00006d88        9f   func ,g         0
  $drv_Flash_Read32BytesData
                                  00006e28       22e   func ,g         0
  $drv_Flash_WriteData
                                  00007056        b4   func ,g         0
  _drv_Flash_WriteEnable
                                  0000710a        35   func ,g         0
  _drv_Flash_ProtectSector
                                  0000713e        61   func ,g         0
  _drv_Flash_UnProtectSector
                                  000071a0        62   func ,g         0
  _drv_Flash_BlockErase4KBytes
                                  00007202        62   func ,g         0
  $drv_Flash_ReadStatusRegister
                                  00007264        5b   func ,g         0

FILE=E:/dev/projects/self/AutoFeeder/code/autoFishFeeder/source/drv/drv_iic
                                  000073c8  000075fe       237
  _drv_I2C_Init
                                  000073c8        46   func ,g         0
  $drv_I2C_MasterSend
                                  0000740e        5d   func ,g         0
  _drv_I2C_Int
                                  0000746c       184   func ,g         0

FILE=E:/dev/projects/self/AutoFeeder/code/autoFishFeeder/source/drv/drv_int
                                  00007600  00007606         7
  _drv_INT_Disable
                                  00007600         3   func ,g         0

FILE=E:/dev/projects/self/AutoFeeder/code/autoFishFeeder/source/drv/drv_key
                                  00007608  0000761b        14
  _drv_Key_InitKey
                                  00007608        14   func ,g         0

FILE=E:/dev/projects/self/AutoFeeder/code/autoFishFeeder/source/drv/drv_led
                                  0000761c  0000768c        71
  _drv_Led_InitLed
                                  0000761c        31   func ,g         0

FILE=E:/dev/projects/self/AutoFeeder/code/autoFishFeeder/source/drv/drv_oled
                                  0000768e  00007f47       8ba
  $drv_OLED_CommandWrite
                                  0000768e        1d   func ,g         0
  $drv_OLED_DataWrite
                                  000076ac        16   func ,g         0
  $drv_OLED_SetColumnAddress
                                  000076c2        1b   func ,g         0
  $drv_OLED_SetRowAddress
                                  000076dc        1a   func ,g         0
  _drv_OLED_SetWriteRAM
                                  000076f6         7   func ,g         0
  _drv_OLED_SetReadRAM
                                  000076fe         8   func ,g         0
  $drv_OLED_SetRemapFormat
                                  00007706        1b   func ,g         0
  $drv_OLED_SetStartLine
                                  00007720        14   func ,g         0
  $drv_OLED_SetDisplayOffset
                                  00007734        14   func ,g         0
  $drv_OLED_SetDisplayMode
                                  00007748        11   func ,g         0
  $drv_OLED_SetFunctionSelection
                                  0000775a        15   func ,g         0
  $drv_OLED_SetDisplayOnOff
                                  0000776e        11   func ,g         0
  $drv_OLED_SetPhaseLength
                                  00007780        15   func ,g         0
  $drv_OLED_SetPartialDisplay
                                  00007794        21   func ,g         0
  $drv_OLED_SetDisplayClock
                                  000077b6        15   func ,g         0
  $drv_OLED_SetDisplayEnhancement_A
                                  000077ca        20   func ,g         0
  $drv_OLED_SetGPIO
                                  000077ea        14   func ,g         0
  $drv_OLED_SetPrechargePeriod
                                  000077fe        14   func ,g         0
  $drv_OLED_SetPrechargeVoltage
                                  00007812        14   func ,g         0
  $drv_OLED_SetVCOMH
                                  00007826        14   func ,g         0
  $drv_OLED_SetContrastCurrent
                                  0000783a        14   func ,g         0
  $drv_OLED_SetMasterCurrent
                                  0000784e        14   func ,g         0
  $drv_OLED_SetMultiplexRatio
                                  00007862        14   func ,g         0
  $drv_OLED_SetDisplayEnhancement_B
                                  00007876        1d   func ,g         0
  $drv_OLED_SetCommandLock
                                  00007894        17   func ,g         0
  $drv_OLED_SetGrayScaleTable
                                  000078aa        4a   func ,g         0
  $drv_OLED_GraphicWrite
                                  000078f4        bb   func ,g         0
  $drv_OLED_GraphicWrite_Offset
                                  000079b0        ba   func ,g         0
  $drv_OLED_GraphicLineV
                                  00007a6a        b4   func ,g         0
  $drv_OLED_GraphicLineVT
                                  00007b1e       12f   func ,g         0
  $drv_OLED_GraphicLineH
                                  00007c4c       1ef   func ,g         0
  $drv_OLED_Clear
                                  00007e78        41   func ,g         0

FILE=E:/dev/projects/self/AutoFeeder/code/autoFishFeeder/source/drv/drv_pwr
                                  00007f48  0000801c        d5
  _drv_Pwr_InitPwrCtrlPort
                                  00007f48        25   func ,g         0
  _drv_Pwr_12V_TurnOff
                                  00007f6e         6   func ,g         0
  _drv_Pwr_5V_TurnOff
                                  00007f74         6   func ,g         0
  _drv_Pwr_3P3V_TurnOff
                                  00007f7a         6   func ,g         0
  _drv_Pwr_12V_TurnOn
                                  00007f80         6   func ,g         0
  _drv_Pwr_5V_TurnOn
                                  00007f86         6   func ,g         0
  _drv_Pwr_3P3V_TurnOn
                                  00007f8c         6   func ,g         0
  _drv_Pwr_SetPortForLowPower
                                  00007f92        76   func ,g         0
  _drv_Pwr_InitPwrCtrl
                                  00008008         e   func ,g         0

FILE=E:/dev/projects/self/AutoFeeder/code/autoFishFeeder/source/drv/drv_Stepper
                                  0000801e  000085ef       5d2
  _drv_stepper_init
                                  0000801e        21   func ,g         0
  $drv_stepper_setRpm
                                  00008040        13   func ,g         0
  _drv_stepper_set4076StepMode
                                  00008052         7   func ,g         0
  $drv_stepper_setTotalSteps
                                  0000805a         e   func ,g         0
  $drv_stepper_move
                                  00008068        21   func ,g         0
  $drv_stepper_moveTo
                                  00008088        48   func ,g         0
  $drv_stepper_moveDegrees
                                  000080d0        2c   func ,g         0
  $drv_stepper_moveToDegree
                                  000080fc        52   func ,g         0
  $drv_stepper_moveCW
                                  0000814e        10   func ,g         0
  $drv_stepper_moveCCW
                                  0000815e        10   func ,g         0
  $drv_stepper_moveToCW
                                  0000816e        10   func ,g         0
  $drv_stepper_moveToCCW
                                  0000817e        10   func ,g         0
  $drv_stepper_moveDegreesCW
                                  0000818e        10   func ,g         0
  $drv_stepper_moveDegreesCCW
                                  0000819e        10   func ,g         0
  $drv_stepper_moveToDegreeCW
                                  000081ae        10   func ,g         0
  $drv_stepper_moveToDegreeCCW
                                  000081be        10   func ,g         0
  $drv_stepper_newMoveCW
                                  000081ce        10   func ,g         0
  $drv_stepper_newMoveCCW
                                  000081de        10   func ,g         0
  $drv_stepper_newMoveToCW
                                  000081ee        10   func ,g         0
  $drv_stepper_newMoveToCCW
                                  000081fe        10   func ,g         0
  $drv_stepper_newMoveDegreesCW
                                  0000820e        10   func ,g         0
  $drv_stepper_newMoveDegreesCCW
                                  0000821e        10   func ,g         0
  $drv_stepper_newMoveToDegreeCW
                                  0000822e        10   func ,g         0
  $drv_stepper_newMoveToDegreeCCW
                                  0000823e        10   func ,g         0
  _drv_stepper_stepCW
                                  0000824e         6   func ,g         0
  _drv_stepper_stepCCW
                                  00008254         6   func ,g         0
  _drv_stepper_getStep
                                  0000825a         5   func ,g         0
  _drv_stepper_getDelay
                                  00008260         6   func ,g         0
  _drv_stepper_getRpm
                                  00008266         9   func ,g         0
  _drv_stepper_getStepsLeft
                                  0000826e         5   func ,g         0
  $drv_stepper_newMove
                                  00008274        3c   func ,g         0
  $drv_stepper_newMoveTo
                                  000082b0        7a   func ,g         0
  $drv_stepper_newMoveDegrees
                                  0000832a        2d   func ,g         0
  $drv_stepper_newMoveToDegree
                                  00008356        52   func ,g         0
  _drv_stepper_run
                                  000083a8        1e   func ,g         0
  _drv_stepper_stop
                                  000083c6         5   func ,g         0
  $drv_stepper_step
                                  000083cc        12   func ,g         0
  _drv_stepper_off
                                  000083de        1c   func ,g         0

FILE=E:/dev/projects/self/AutoFeeder/code/autoFishFeeder/source/drv/drv_tmr0
                                  000085f0  000086b6        c7
  _drv_Tmr0_InitTmr0InHighSpeed
                                  000085f0        19   func ,g         0
  _drv_Tmr0_InitTmr0InLowSpeed
                                  0000860a        19   func ,g         0
  _TmrRAInt
                                  00008622        95   func ,g         0

FILE=E:/dev/projects/self/AutoFeeder/code/autoFishFeeder/source/drv/drv_wdt
                                  000086b8  0000871b        64
  _drv_WDT_InitWDTInHighSpeedOCO
                                  000086b8        2b   func ,g         0
  _drv_WDT_InitWDTInLowSpeedOCO
                                  000086e4        30   func ,g         0

FILE=E:/dev/projects/self/AutoFeeder/code/autoFishFeeder/source/drv/fvector
                                  0000871c  00008720         5
  __dummy_int
                                  0000871c         5   func ,g         0

FILE=E:/dev/projects/self/AutoFeeder/code/autoFishFeeder/source/interface/if_disp
                                  00008722  00008740        1f
  _if_Disp_Init
                                  00008722         9   func ,g         0

FILE=E:/dev/projects/self/AutoFeeder/code/autoFishFeeder/source/interface/if_key
                                  00008742  000089d6       295
  _if_Key_GetEvent
                                  00008742         4   func ,g         0
  $if_Key_GetState
                                  00008746        83   func ,g         0
  _if_Key_ClearEvent
                                  000087ca         5   func ,g         0

FILE=E:/dev/projects/self/AutoFeeder/code/autoFishFeeder/source/interface/if_oled_draw
                                  000089d8  00008d82       3ab
  $OLED_DrawLine
                                  000089d8        67   func ,g         0
  $OLED_DrawLineT
                                  00008a40        39   func ,g         0
  $OLED_DrawBox
                                  00008a78        e5   func ,g         0
  _if_disp_clear
                                  00008b5e         8   func ,g         0
  $OLED_DrawBmp
                                  00008b66       132   func ,g         0

FILE=E:/dev/projects/self/AutoFeeder/code/autoFishFeeder/source/interface/if_oled_text
                                  00008d84  00009a67       ce4
  $OLED_TextA_16
                                  00008e3a       1a6   func ,g         0
  $OLED_TextA_24
                                  00008fe0       282   func ,g         0
  $OLED_TextA_Rev
                                  00009262       1d3   func ,g         0
  $OLED_TextA
                                  00009434        3b   func ,g         0
  $OLED_Draw_TextRoll24
                                  00009470       31d   func ,g         0
  $GetDrawTextWidthA
                                  0000978c        7f   func ,g         0
  $ConvertUTF8ToGBCode
                                  0000980c       1af   func ,g         0
  $ConvertUnicodeToGBCode
                                  000099ba        ae   func ,g         0

FILE=E:/dev/projects/self/AutoFeeder/code/autoFishFeeder/source/interface/if_serial_flash
                                  00009a68  00009b1a        b3
  _if_Flash_InitFlashComm
                                  00009a68         9   func ,g         0
  $if_Flash_ReadData
                                  00009a72        1b   func ,g         0
  $if_Flash_Read32BytesData
                                  00009a8c        17   func ,g         0
  $if_Flash_ReadStatusRegister
                                  00009aa4        10   func ,g         0
  _if_Flash_Erase4KBytesBlock
                                  00009ab4        18   func ,g         0
  $if_Flash_WriteData
                                  00009acc        21   func ,g         0
  _if_Flash_ProtectSector
                                  00009aec        17   func ,g         0

FILE=E:/dev/projects/self/AutoFeeder/code/autoFishFeeder/source/drv/intprg
                                  00009b1c  00009bb2        97
  __brk
                                  00009b1c         5   func ,g         0
  __timer_rc
                                  00009b22         6   func ,g         0
  __timer_rd0
                                  00009b28         6   func ,g         0
  __timer_rd1
                                  00009b2e         6   func ,g         0
  __timer_re
                                  00009b34         6   func ,g         0
  __uart2_trance
                                  00009b3a         6   func ,g         0
  __uart2_receive
                                  00009b40         6   func ,g         0
  __input_key
                                  00009b46         6   func ,g         0
  __ssuic
                                  00009b4c         a   func ,g         0
  __compare1
                                  00009b56         6   func ,g         0
  __uart0_trance
                                  00009b5c         6   func ,g         0
  __uart0_receive
                                  00009b62         6   func ,g         0
  __uart1_trance
                                  00009b68         6   func ,g         0
  __uart1_receive
                                  00009b6e         6   func ,g         0
  __int2
                                  00009b74         6   func ,g         0
  __timer_ra
                                  00009b7a         a   func ,g         0
  __timer_rb
                                  00009b84         6   func ,g         0
  __int1
                                  00009b8a         6   func ,g         0
  __int3
                                  00009b90         6   func ,g         0
  __timer_rf
                                  00009b96         6   func ,g         0
  __compare0
                                  00009b9c         6   func ,g         0
  __int0
                                  00009ba2         6   func ,g         0
  __ad_converter
                                  00009ba8         6   func ,g         0

FILE=E:/dev/projects/self/AutoFeeder/code/autoFishFeeder/source/app/main
                                  00009bb4  00009e05       252
  _sys_IsFeedingTime
                                  00009bb4        45   func ,g         0
  _sys_IsO2Time
                                  00009bfa        46   func ,g         0
  _sys_Feeding
                                  00009c40        25   func ,g         0
  _sys_AddingO2
                                  00009c64        14   func ,g         0
  _sys_stopFeed
                                  00009c78        14   func ,g         0
  _sys_stopO2
                                  00009c8c        14   func ,g         0
  _sys_IsFeedComplete
                                  00009ca0        13   func ,g         0
  _initMCU
                                  00009cb4        12   func ,g         0
  _sys_Init
                                  00009cc6        31   func ,g         0
  $sysAdjustTime
                                  00009cf6        9c   func ,g         0
  _sysKeyPro
                                  00009d92        1b   func ,g         0

FILE=_i4divu
                                  00009e06  00009e52        4d
  __i4divU
                                  00009e06        4d   func ,g         0

FILE=_i4mulu
                                  00009e54  00009e6f        1c
  __i4mulU
                                  00009e54        1c   func ,g         0

FILE=nmemcpy
                                  00009e70  00009e9d        2e
  $_n_n_memcpy
                                  00009e70        2e   func ,g         0

FILE=nmemset
                                  00009e9e  00009ec6        29
  $_n_memset
                                  00009e9e        29   func ,g         0

FILE=nstrcat
                                  00009ec8  00009ee6        1f
  $_n_n_strcat
                                  00009ec8        1f   func ,g         0

FILE=_nstrcpy
                                  00009ee8  00009f07        20
  $_n_n_strcpy
                                  00009ee8         0   func ,g         0
  $strcpy
                                  00009ee8         0   func ,g         0

SECTION=interrupt
FILE=E:/dev/projects/self/AutoFeeder/code/autoFishFeeder/source/drv/initsct
                                  00009f08  00009f6c        65
  _initsct
                                  00009f08        65   func ,g         0

FILE=E:/dev/projects/self/AutoFeeder/code/autoFishFeeder/source/drv/resetprg
                                  00009f6e  00009fa4        37
  _start
                                  00009f6e        32   func ,g         0
  _exit
                                  00009fa0         5   func ,g         0

