##########################################
# (1) LINK INFORMATION                   #
##########################################
c:\program files\renesas\hew_001\tools\renesas\nc30wa\v545r01\bin\ln30.exe @E:\GitRepository\AutoFeeder\code\autoFishFeeder\Project\Hew\autoFeeder\autoFeeder\Debug\autoFeeder.m16cl

# ID CODE DATA
.ID  "#FFFFFFFFFFFFFF"

# OPTION FUNCTION SELECT REGISTER
.OFSREG  FFH

# LINK FILE INFORMATION
draw_task (E:\GitRepository\AutoFeeder\code\autoFishFeeder\Project\Hew\autoFeeder\autoFeeder\Debug\draw_task.r30)
	Mar  6 15:22:53 2014

drv_clk (E:\GitRepository\AutoFeeder\code\autoFishFeeder\Project\Hew\autoFeeder\autoFeeder\Debug\drv_clk.r30)
	Mar  6 15:22:53 2014

drv_csi1 (E:\GitRepository\AutoFeeder\code\autoFishFeeder\Project\Hew\autoFeeder\autoFeeder\Debug\drv_csi1.r30)
	Mar  6 15:22:54 2014

drv_flash (E:\GitRepository\AutoFeeder\code\autoFishFeeder\Project\Hew\autoFeeder\autoFeeder\Debug\drv_flash.r30)
	Mar  6 15:22:54 2014

drv_iic (E:\GitRepository\AutoFeeder\code\autoFishFeeder\Project\Hew\autoFeeder\autoFeeder\Debug\drv_iic.r30)
	Mar  6 15:22:54 2014

drv_int (E:\GitRepository\AutoFeeder\code\autoFishFeeder\Project\Hew\autoFeeder\autoFeeder\Debug\drv_int.r30)
	Mar  6 15:22:54 2014

drv_key (E:\GitRepository\AutoFeeder\code\autoFishFeeder\Project\Hew\autoFeeder\autoFeeder\Debug\drv_key.r30)
	Mar  6 15:22:55 2014

drv_led (E:\GitRepository\AutoFeeder\code\autoFishFeeder\Project\Hew\autoFeeder\autoFeeder\Debug\drv_led.r30)
	Mar  6 15:22:55 2014

drv_oled (E:\GitRepository\AutoFeeder\code\autoFishFeeder\Project\Hew\autoFeeder\autoFeeder\Debug\drv_oled.r30)
	Mar  6 15:22:55 2014

drv_pwr (E:\GitRepository\AutoFeeder\code\autoFishFeeder\Project\Hew\autoFeeder\autoFeeder\Debug\drv_pwr.r30)
	Mar  6 15:22:55 2014

drv_tmr0 (E:\GitRepository\AutoFeeder\code\autoFishFeeder\Project\Hew\autoFeeder\autoFeeder\Debug\drv_tmr0.r30)
	Mar  6 15:22:56 2014

drv_wdt (E:\GitRepository\AutoFeeder\code\autoFishFeeder\Project\Hew\autoFeeder\autoFeeder\Debug\drv_wdt.r30)
	Mar  6 15:22:56 2014

fvector (E:\GitRepository\AutoFeeder\code\autoFishFeeder\Project\Hew\autoFeeder\autoFeeder\Debug\fvector.r30)
	Mar  6 15:22:56 2014

heap (E:\GitRepository\AutoFeeder\code\autoFishFeeder\Project\Hew\autoFeeder\autoFeeder\Debug\heap.r30)
	Mar  6 15:22:56 2014

if_disp (E:\GitRepository\AutoFeeder\code\autoFishFeeder\Project\Hew\autoFeeder\autoFeeder\Debug\if_disp.r30)
	Mar  6 15:22:57 2014

if_key (E:\GitRepository\AutoFeeder\code\autoFishFeeder\Project\Hew\autoFeeder\autoFeeder\Debug\if_key.r30)
	Mar  6 15:22:57 2014

if_oled_draw (E:\GitRepository\AutoFeeder\code\autoFishFeeder\Project\Hew\autoFeeder\autoFeeder\Debug\if_oled_draw.r30)
	Mar  6 15:22:57 2014

if_oled_text (E:\GitRepository\AutoFeeder\code\autoFishFeeder\Project\Hew\autoFeeder\autoFeeder\Debug\if_oled_text.r30)
	Mar  6 15:22:58 2014

if_serial_flash (E:\GitRepository\AutoFeeder\code\autoFishFeeder\Project\Hew\autoFeeder\autoFeeder\Debug\if_serial_flash.r30)
	Mar  6 15:22:58 2014

initsct (E:\GitRepository\AutoFeeder\code\autoFishFeeder\Project\Hew\autoFeeder\autoFeeder\Debug\initsct.r30)
	Mar  6 15:22:56 2014

intprg (E:\GitRepository\AutoFeeder\code\autoFishFeeder\Project\Hew\autoFeeder\autoFeeder\Debug\intprg.r30)
	Mar  6 15:22:56 2014

main (E:\GitRepository\AutoFeeder\code\autoFishFeeder\Project\Hew\autoFeeder\autoFeeder\Debug\main.r30)
	Mar  6 15:22:53 2014

resetprg (E:\GitRepository\AutoFeeder\code\autoFishFeeder\Project\Hew\autoFeeder\autoFeeder\Debug\resetprg.r30)
	Mar  6 15:22:57 2014

_i4divu (c:\program files\renesas\hew_001\tools\renesas\nc30wa\v545r01\lib30\r8clib.lib)
	Jan  6 15:31:32 2010

_i4mulu (c:\program files\renesas\hew_001\tools\renesas\nc30wa\v545r01\lib30\r8clib.lib)
	Jan  6 15:31:33 2010

nmemcpy (c:\program files\renesas\hew_001\tools\renesas\nc30wa\v545r01\lib30\r8clib.lib)
	Jan  6 15:31:55 2010

nmemset (c:\program files\renesas\hew_001\tools\renesas\nc30wa\v545r01\lib30\r8clib.lib)
	Jan  6 15:31:56 2010

nstrcat (c:\program files\renesas\hew_001\tools\renesas\nc30wa\v545r01\lib30\r8clib.lib)
	Jan  6 15:31:56 2010

_nstrcpy (c:\program files\renesas\hew_001\tools\renesas\nc30wa\v545r01\lib30\r8clib.lib)
	Jan  6 15:32:09 2010


##########################################
# (2) SECTION INFORMATION                #
##########################################
# SECTION                        ATR TYPE    START  LENGTH ALIGN MODULENAME
data_SE                          REL DATA    000400 000000 2     initsct
bss_SE                           REL DATA    000400 000000 2     initsct
data_SO                          REL DATA    000400 000000       initsct
bss_SO                           REL DATA    000400 000000       initsct
data_NE                          REL DATA    000400 000002 2     draw_task
                                 REL DATA    000402 000004 2     drv_tmr0
                                 REL DATA    000406 000004 2     if_key
                                 REL DATA    00040A 000002 2     if_oled_draw
                                 REL DATA    00040C 000000 2     initsct
                                 REL DATA    00040C 000020 2     main
bss_NE                           REL DATA    00042C 000004 2     draw_task
                                 REL DATA    000430 000004 2     drv_csi1
                                 REL DATA    000434 000006 2     drv_flash
                                 REL DATA    00043A 000004 2     drv_iic
                                 REL DATA    00043E 000080 2     if_oled_text
                                 REL DATA    0004BE 000000 2     initsct
data_NO                          REL DATA    0004BE 00000B       draw_task
                                 REL DATA    0004C9 000003       if_key
                                 REL DATA    0004CC 000015       if_oled_draw
                                 REL DATA    0004E1 000000       initsct
                                 REL DATA    0004E1 000001       main
bss_NO                           REL DATA    0004E2 000001       drv_iic
                                 REL DATA    0004E3 000001       if_disp
                                 REL DATA    0004E4 000003       if_key
                                 REL DATA    0004E7 000000       initsct
stack                            REL DATA    0004E7 000100       resetprg
istack                           REL DATA    0005E7 000100       resetprg
rom_NE                           REL ROMDATA 004000 000400 2     drv_oled
                                 REL ROMDATA 004400 000440 2     if_oled_draw
                                 REL ROMDATA 004840 001E60 2     if_oled_text
rom_NO                           REL ROMDATA 0066A0 000002       draw_task
data_SEI                         REL ROMDATA 0066A2 000000       initsct
data_SOI                         REL ROMDATA 0066A2 000000       initsct
data_NEI                         REL ROMDATA 0066A2 000002       draw_task
                                 REL ROMDATA 0066A4 000004       drv_tmr0
                                 REL ROMDATA 0066A8 000004       if_key
                                 REL ROMDATA 0066AC 000002       if_oled_draw
                                 REL ROMDATA 0066AE 000000       initsct
                                 REL ROMDATA 0066AE 000020       main
data_NOI                         REL ROMDATA 0066CE 00000B       draw_task
                                 REL ROMDATA 0066D9 000003       if_key
                                 REL ROMDATA 0066DC 000015       if_oled_draw
                                 REL ROMDATA 0066F1 000000       initsct
                                 REL ROMDATA 0066F1 000001       main
program                          REL CODE    0066F2 000555 2     draw_task
                                 REL CODE    006C48 00005C 2     drv_clk
                                 REL CODE    006CA4 00009A 2     drv_csi1
                                 REL CODE    006D3E 00063F 2     drv_flash
                                 REL CODE    00737E 000237 2     drv_iic
                                 REL CODE    0075B6 000007 2     drv_int
                                 REL CODE    0075BE 000014 2     drv_key
                                 REL CODE    0075D2 000071 2     drv_led
                                 REL CODE    007644 0008BA 2     drv_oled
                                 REL CODE    007EFE 0000D5 2     drv_pwr
                                 REL CODE    007FD4 0000C7 2     drv_tmr0
                                 REL CODE    00809C 000064 2     drv_wdt
                                 REL CODE    008100 000005 2     fvector
                                 REL CODE    008106 00001F 2     if_disp
                                 REL CODE    008126 000295 2     if_key
                                 REL CODE    0083BC 0003AB 2     if_oled_draw
                                 REL CODE    008768 000CE4 2     if_oled_text
                                 REL CODE    00944C 0000B3 2     if_serial_flash
                                 REL CODE    009500 000097 2     intprg
                                 REL CODE    009598 0001D0 2     main
                                 REL CODE    009768 00004D 2     _i4divu
                                 REL CODE    0097B6 00001C 2     _i4mulu
                                 REL CODE    0097D2 00002E 2     nmemcpy
                                 REL CODE    009800 000029 2     nmemset
                                 REL CODE    00982A 00001F 2     nstrcat
                                 REL CODE    00984A 000020 2     _nstrcpy
interrupt                        REL CODE    00986A 000065 2     initsct
                                 REL CODE    0098D0 000037 2     resetprg
vector                           REL ROMDATA 00FEDC 000100       intprg
fvector                          ABS ROMDATA 00FFDC 000024       fvector
# Total -------------------------------------------------------------------
                                     DATA           0002E7(0000743) Byte(s)
                                     ROMDATA        002816(0010262) Byte(s)
                                     CODE           003215(0012821) Byte(s)

##########################################
# VARIABLE VECTOR TABLE INFORMATION      #
##########################################
No.  Address               No.  Address               No.  Address
0    __brk                 1    __dummy_int           2    __dummy_int           
3    __dummy_int           4    __dummy_int           5    __dummy_int           
6    __dummy_int           7    __timer_rc            8    __timer_rd0           
9    __timer_rd1           10   __timer_re            11   __uart2_trance        
12   __uart2_receive       13   __input_key           14   __dummy_int           
15   __ssuic               16   __compare1            17   __uart0_trance        
18   __uart0_receive       19   __uart1_trance        20   __uart1_receive       
21   __int2                22   __timer_ra            23   __dummy_int           
24   __timer_rb            25   __int1                26   __int3                
27   __timer_rf            28   __compare0            29   __int0                
30   __ad_converter        31   __capture             32   __dummy_int           
33   __dummy_int           34   __dummy_int           35   __dummy_int           
36   __dummy_int           37   __dummy_int           38   __dummy_int           
39   __dummy_int           40   __dummy_int           41   __dummy_int           
42   __dummy_int           43   __dummy_int           44   __dummy_int           
45   __dummy_int           46   __dummy_int           47   __dummy_int           
48   __dummy_int           49   __dummy_int           50   __dummy_int           
51   __dummy_int           52   __dummy_int           53   __dummy_int           
54   __dummy_int           55   __dummy_int           56   __dummy_int           
57   __dummy_int           58   __dummy_int           59   __dummy_int           
60   __dummy_int           61   __dummy_int           62   __dummy_int           
63   __dummy_int           

##########################################
# (3) GLOBAL LABEL INFORMATION           #
##########################################
$ConvertUTF8ToGB   0091f0  $ConvertUnicodeT   00939e  $DecToStr          0066f2
$DecToStrSign      0068a2  $Draw_PlayTimePr   00867c  $GetDrawTextWidt   009170
$OLED_DrawBmp      00854a  $OLED_DrawBox      00845c  $OLED_DrawLine     0083bc
$OLED_DrawLineT    008424  $OLED_Draw_TextR   008e54  $OLED_TextA        008e18
$OLED_TextA_16     00881e  $OLED_TextA_24     0089c4  $OLED_TextA_Rev    008c46
$Strformat2        0069ea  $Strformat3        006a56  $_n_memset         009800
$_n_n_memcpy       0097d2  $_n_n_strcat       00982a  $_n_n_strcpy       00984a
$drv_CSI1_Init     006ca4  $drv_Flash_Read3   006dde  $drv_Flash_ReadD   006d3e
$drv_Flash_ReadS   00721a  $drv_Flash_Write   00700c  $drv_I2C_MasterS   0073c4
$drv_Led_SetStat   007604  $drv_OLED_Clear    007e2e  $drv_OLED_Comman   007644
$drv_OLED_DataWr   007662  $drv_OLED_Graphi   007c02  $drv_OLED_Graphi   007a20
$drv_OLED_Graphi   007ad4  $drv_OLED_Graphi   0078aa  $drv_OLED_Graphi   007966
$drv_OLED_SetCol   007678  $drv_OLED_SetCom   00784a  $drv_OLED_SetCon   0077f0
$drv_OLED_SetDis   00776c  $drv_OLED_SetDis   007780  $drv_OLED_SetDis   00782c
$drv_OLED_SetDis   0076fe  $drv_OLED_SetDis   0076ea  $drv_OLED_SetDis   007724
$drv_OLED_SetFun   007710  $drv_OLED_SetGPI   0077a0  $drv_OLED_SetGra   007860
$drv_OLED_SetMas   007804  $drv_OLED_SetMul   007818  $drv_OLED_SetPar   00774a
$drv_OLED_SetPha   007736  $drv_OLED_SetPre   0077b4  $drv_OLED_SetPre   0077c8
$drv_OLED_SetRem   0076bc  $drv_OLED_SetRow   007692  $drv_OLED_SetSta   0076d6
$drv_OLED_SetVCO   0077dc  $if_Disp_SetStar   008110  $if_Flash_Read32   009470
$if_Flash_ReadDa   009456  $if_Flash_ReadSt   009488  $if_Flash_WriteD   0094b0
$if_Key_GetState   00812a  $strcpy            00984a  $sysAdjustTime     009660
$updateTimerPain   006ae4  _App_Task_Disp     006b88  _BmpLogo           004400
_CodeASCII         004840  _CodeASCII24       004e40  _CodeIco           006040
_CurrentTimer      000402  _DispCurLine       0004e3  _DispName          0004be
_DispState         000400  _DispWaitTM        00042c  _DrawBuf           00043e
_TmrRAInt          008006  _U16CSI1BufCount   000430  _U16TimerCountPr   000408
_U16TimerCountSc   000406  __ad_converter     00958c  __brk              009500
__capture          009592  __compare0         009580  __compare1         00953a
__dummy_int        008100  __i4divU           009768  __i4mulU           0097b6
__input_key        00952a  __int0             009586  __int1             00956e
__int2             009558  __int3             009574  __istack_top       0006e7
__ssuic            009530  __stack_top        0005e7  __timer_ra         00955e
__timer_rb         009568  __timer_rc         009506  __timer_rd0        00950c
__timer_rd1        009512  __timer_re         009518  __timer_rf         00957a
__uart0_receive    009546  __uart0_trance     009540  __uart1_receive    009552
__uart1_trance     00954c  __uart2_receive    009524  __uart2_trance     00951e
_clockBMP          004540  _drv_Clk_SelectH   006c6e  _drv_Clk_SelectL   006c48
_drv_Flash_Block   0071b8  _drv_Flash_Prote   0070f4  _drv_Flash_UnPro   007156
_drv_Flash_Write   0070c0  _drv_I2C_GetI2CB   0075a6  _drv_I2C_Init      00737e
_drv_I2C_Int       007422  _drv_INT_Disable   0075b6  _drv_INT_Enable    0075ba
_drv_Key_InitKey   0075be  _drv_Led_InitLed   0075d2  _drv_OLED_Init     007e70
_drv_OLED_SetRea   0076b4  _drv_OLED_SetWri   0076ac  _drv_Power_TurnO   007fcc
_drv_Pwr_12V_Tur   007f24  _drv_Pwr_12V_Tur   007f36  _drv_Pwr_3P3V_Tu   007f30
_drv_Pwr_3P3V_Tu   007f42  _drv_Pwr_5V_Turn   007f2a  _drv_Pwr_5V_Turn   007f3c
_drv_Pwr_InitPwr   007fbe  _drv_Pwr_InitPwr   007efe  _drv_Pwr_SetPort   007f48
_drv_Tmr0_InitTm   007fd4  _drv_Tmr0_InitTm   007fee  _drv_WDT_InitWDT   00809c
_drv_WDT_InitWDT   0080c8  _drv_Watchdog_Fe   0080f8  _exit              009902
_fishBmp           004740  _if_Disp_Init      008106  _if_Flash_Erase4   009498
_if_Flash_InitFl   00944c  _if_Flash_Protec   0094d0  _if_Flash_UnProt   0094e8
_if_Key_ClearEve   0081ae  _if_Key_GetEvent   008126  _if_Key_Scan       0082ba
_if_disp_clear     008542  _initMCU           009622  _initsct           00986a
_main              009718  _pU8CSI1Buf        000432  _stSys             0004e1
_start             0098d0  _sysKeyPro         0096fc  _sys_Feeding       0095de
_sys_Init          009634  _sys_IsFeedCompl   00960e  _sys_IsFeedingTi   009598
_sys_stopFeed      0095f6  _vsysFeedHour      000420  _vsysFeedMinute    000424
_vsysFeedSecond    000428  _vsysFeedTime      00041c  _vsysHour          00040c
_vsysMilSecond     000418  _vsysMinute        000410  _vsysSecond        000414

##########################################
# (4) GLOBAL EQU SYMBOL INFORMATION      #
##########################################
__SB__           00000400  

##########################################
# (5) GLOBAL EQU BIT-SYMBOL INFORMATION  #
##########################################

##########################################
# (6) LOCAL LABEL INFORMATION            #
##########################################
@ draw_task ( E:\GitRepository\AutoFeeder\code\autoFishFeeder\Project\Hew\autoFeeder\autoFeeder\Debug\draw_task.r30 )
@ drv_clk ( E:\GitRepository\AutoFeeder\code\autoFishFeeder\Project\Hew\autoFeeder\autoFeeder\Debug\drv_clk.r30 )
@ drv_csi1 ( E:\GitRepository\AutoFeeder\code\autoFishFeeder\Project\Hew\autoFeeder\autoFeeder\Debug\drv_csi1.r30 )
@ drv_flash ( E:\GitRepository\AutoFeeder\code\autoFishFeeder\Project\Hew\autoFeeder\autoFeeder\Debug\drv_flash.r30 )
@ drv_iic ( E:\GitRepository\AutoFeeder\code\autoFishFeeder\Project\Hew\autoFeeder\autoFeeder\Debug\drv_iic.r30 )
@ drv_int ( E:\GitRepository\AutoFeeder\code\autoFishFeeder\Project\Hew\autoFeeder\autoFeeder\Debug\drv_int.r30 )
@ drv_key ( E:\GitRepository\AutoFeeder\code\autoFishFeeder\Project\Hew\autoFeeder\autoFeeder\Debug\drv_key.r30 )
@ drv_led ( E:\GitRepository\AutoFeeder\code\autoFishFeeder\Project\Hew\autoFeeder\autoFeeder\Debug\drv_led.r30 )
@ drv_oled ( E:\GitRepository\AutoFeeder\code\autoFishFeeder\Project\Hew\autoFeeder\autoFeeder\Debug\drv_oled.r30 )
@ drv_pwr ( E:\GitRepository\AutoFeeder\code\autoFishFeeder\Project\Hew\autoFeeder\autoFeeder\Debug\drv_pwr.r30 )
@ drv_tmr0 ( E:\GitRepository\AutoFeeder\code\autoFishFeeder\Project\Hew\autoFeeder\autoFeeder\Debug\drv_tmr0.r30 )
@ drv_wdt ( E:\GitRepository\AutoFeeder\code\autoFishFeeder\Project\Hew\autoFeeder\autoFeeder\Debug\drv_wdt.r30 )
@ fvector ( E:\GitRepository\AutoFeeder\code\autoFishFeeder\Project\Hew\autoFeeder\autoFeeder\Debug\fvector.r30 )
@ heap ( E:\GitRepository\AutoFeeder\code\autoFishFeeder\Project\Hew\autoFeeder\autoFeeder\Debug\heap.r30 )
@ if_disp ( E:\GitRepository\AutoFeeder\code\autoFishFeeder\Project\Hew\autoFeeder\autoFeeder\Debug\if_disp.r30 )
@ if_key ( E:\GitRepository\AutoFeeder\code\autoFishFeeder\Project\Hew\autoFeeder\autoFeeder\Debug\if_key.r30 )
@ if_oled_draw ( E:\GitRepository\AutoFeeder\code\autoFishFeeder\Project\Hew\autoFeeder\autoFeeder\Debug\if_oled_draw.r30 )
@ if_oled_text ( E:\GitRepository\AutoFeeder\code\autoFishFeeder\Project\Hew\autoFeeder\autoFeeder\Debug\if_oled_text.r30 )
@ if_serial_flash ( E:\GitRepository\AutoFeeder\code\autoFishFeeder\Project\Hew\autoFeeder\autoFeeder\Debug\if_serial_flash.r30 )
@ initsct ( E:\GitRepository\AutoFeeder\code\autoFishFeeder\Project\Hew\autoFeeder\autoFeeder\Debug\initsct.r30 )
@ intprg ( E:\GitRepository\AutoFeeder\code\autoFishFeeder\Project\Hew\autoFeeder\autoFeeder\Debug\intprg.r30 )
@ main ( E:\GitRepository\AutoFeeder\code\autoFishFeeder\Project\Hew\autoFeeder\autoFeeder\Debug\main.r30 )
@ resetprg ( E:\GitRepository\AutoFeeder\code\autoFishFeeder\Project\Hew\autoFeeder\autoFeeder\Debug\resetprg.r30 )
@ _i4divu ( c:\program files\renesas\hew_001\tools\renesas\nc30wa\v545r01\lib30\r8clib.lib )
@ _i4mulu ( c:\program files\renesas\hew_001\tools\renesas\nc30wa\v545r01\lib30\r8clib.lib )
@ nmemcpy ( c:\program files\renesas\hew_001\tools\renesas\nc30wa\v545r01\lib30\r8clib.lib )
@ nmemset ( c:\program files\renesas\hew_001\tools\renesas\nc30wa\v545r01\lib30\r8clib.lib )
@ nstrcat ( c:\program files\renesas\hew_001\tools\renesas\nc30wa\v545r01\lib30\r8clib.lib )
@ _nstrcpy ( c:\program files\renesas\hew_001\tools\renesas\nc30wa\v545r01\lib30\r8clib.lib )

##########################################
# (7) LOCAL EQU SYMBOL INFORMATION       #
##########################################
@ draw_task ( E:\GitRepository\AutoFeeder\code\autoFishFeeder\Project\Hew\autoFeeder\autoFeeder\Debug\draw_task.r30 )
@ drv_clk ( E:\GitRepository\AutoFeeder\code\autoFishFeeder\Project\Hew\autoFeeder\autoFeeder\Debug\drv_clk.r30 )
@ drv_csi1 ( E:\GitRepository\AutoFeeder\code\autoFishFeeder\Project\Hew\autoFeeder\autoFeeder\Debug\drv_csi1.r30 )
@ drv_flash ( E:\GitRepository\AutoFeeder\code\autoFishFeeder\Project\Hew\autoFeeder\autoFeeder\Debug\drv_flash.r30 )
@ drv_iic ( E:\GitRepository\AutoFeeder\code\autoFishFeeder\Project\Hew\autoFeeder\autoFeeder\Debug\drv_iic.r30 )
@ drv_int ( E:\GitRepository\AutoFeeder\code\autoFishFeeder\Project\Hew\autoFeeder\autoFeeder\Debug\drv_int.r30 )
@ drv_key ( E:\GitRepository\AutoFeeder\code\autoFishFeeder\Project\Hew\autoFeeder\autoFeeder\Debug\drv_key.r30 )
@ drv_led ( E:\GitRepository\AutoFeeder\code\autoFishFeeder\Project\Hew\autoFeeder\autoFeeder\Debug\drv_led.r30 )
@ drv_oled ( E:\GitRepository\AutoFeeder\code\autoFishFeeder\Project\Hew\autoFeeder\autoFeeder\Debug\drv_oled.r30 )
@ drv_pwr ( E:\GitRepository\AutoFeeder\code\autoFishFeeder\Project\Hew\autoFeeder\autoFeeder\Debug\drv_pwr.r30 )
@ drv_tmr0 ( E:\GitRepository\AutoFeeder\code\autoFishFeeder\Project\Hew\autoFeeder\autoFeeder\Debug\drv_tmr0.r30 )
@ drv_wdt ( E:\GitRepository\AutoFeeder\code\autoFishFeeder\Project\Hew\autoFeeder\autoFeeder\Debug\drv_wdt.r30 )
@ fvector ( E:\GitRepository\AutoFeeder\code\autoFishFeeder\Project\Hew\autoFeeder\autoFeeder\Debug\fvector.r30 )
@ heap ( E:\GitRepository\AutoFeeder\code\autoFishFeeder\Project\Hew\autoFeeder\autoFeeder\Debug\heap.r30 )
@ if_disp ( E:\GitRepository\AutoFeeder\code\autoFishFeeder\Project\Hew\autoFeeder\autoFeeder\Debug\if_disp.r30 )
@ if_key ( E:\GitRepository\AutoFeeder\code\autoFishFeeder\Project\Hew\autoFeeder\autoFeeder\Debug\if_key.r30 )
@ if_oled_draw ( E:\GitRepository\AutoFeeder\code\autoFishFeeder\Project\Hew\autoFeeder\autoFeeder\Debug\if_oled_draw.r30 )
@ if_oled_text ( E:\GitRepository\AutoFeeder\code\autoFishFeeder\Project\Hew\autoFeeder\autoFeeder\Debug\if_oled_text.r30 )
@ if_serial_flash ( E:\GitRepository\AutoFeeder\code\autoFishFeeder\Project\Hew\autoFeeder\autoFeeder\Debug\if_serial_flash.r30 )
@ initsct ( E:\GitRepository\AutoFeeder\code\autoFishFeeder\Project\Hew\autoFeeder\autoFeeder\Debug\initsct.r30 )
@ intprg ( E:\GitRepository\AutoFeeder\code\autoFishFeeder\Project\Hew\autoFeeder\autoFeeder\Debug\intprg.r30 )
@ main ( E:\GitRepository\AutoFeeder\code\autoFishFeeder\Project\Hew\autoFeeder\autoFeeder\Debug\main.r30 )
@ resetprg ( E:\GitRepository\AutoFeeder\code\autoFishFeeder\Project\Hew\autoFeeder\autoFeeder\Debug\resetprg.r30 )
@ _i4divu ( c:\program files\renesas\hew_001\tools\renesas\nc30wa\v545r01\lib30\r8clib.lib )
@ _i4mulu ( c:\program files\renesas\hew_001\tools\renesas\nc30wa\v545r01\lib30\r8clib.lib )
@ nmemcpy ( c:\program files\renesas\hew_001\tools\renesas\nc30wa\v545r01\lib30\r8clib.lib )
@ nmemset ( c:\program files\renesas\hew_001\tools\renesas\nc30wa\v545r01\lib30\r8clib.lib )
@ nstrcat ( c:\program files\renesas\hew_001\tools\renesas\nc30wa\v545r01\lib30\r8clib.lib )
@ _nstrcpy ( c:\program files\renesas\hew_001\tools\renesas\nc30wa\v545r01\lib30\r8clib.lib )

##########################################
# (8) LOCAL EQU BIT-SYMBOL INFORMATION   #
##########################################
@ draw_task ( E:\GitRepository\AutoFeeder\code\autoFishFeeder\Project\Hew\autoFeeder\autoFeeder\Debug\draw_task.r30 )
@ drv_clk ( E:\GitRepository\AutoFeeder\code\autoFishFeeder\Project\Hew\autoFeeder\autoFeeder\Debug\drv_clk.r30 )
@ drv_csi1 ( E:\GitRepository\AutoFeeder\code\autoFishFeeder\Project\Hew\autoFeeder\autoFeeder\Debug\drv_csi1.r30 )
@ drv_flash ( E:\GitRepository\AutoFeeder\code\autoFishFeeder\Project\Hew\autoFeeder\autoFeeder\Debug\drv_flash.r30 )
@ drv_iic ( E:\GitRepository\AutoFeeder\code\autoFishFeeder\Project\Hew\autoFeeder\autoFeeder\Debug\drv_iic.r30 )
@ drv_int ( E:\GitRepository\AutoFeeder\code\autoFishFeeder\Project\Hew\autoFeeder\autoFeeder\Debug\drv_int.r30 )
@ drv_key ( E:\GitRepository\AutoFeeder\code\autoFishFeeder\Project\Hew\autoFeeder\autoFeeder\Debug\drv_key.r30 )
@ drv_led ( E:\GitRepository\AutoFeeder\code\autoFishFeeder\Project\Hew\autoFeeder\autoFeeder\Debug\drv_led.r30 )
@ drv_oled ( E:\GitRepository\AutoFeeder\code\autoFishFeeder\Project\Hew\autoFeeder\autoFeeder\Debug\drv_oled.r30 )
@ drv_pwr ( E:\GitRepository\AutoFeeder\code\autoFishFeeder\Project\Hew\autoFeeder\autoFeeder\Debug\drv_pwr.r30 )
@ drv_tmr0 ( E:\GitRepository\AutoFeeder\code\autoFishFeeder\Project\Hew\autoFeeder\autoFeeder\Debug\drv_tmr0.r30 )
@ drv_wdt ( E:\GitRepository\AutoFeeder\code\autoFishFeeder\Project\Hew\autoFeeder\autoFeeder\Debug\drv_wdt.r30 )
@ fvector ( E:\GitRepository\AutoFeeder\code\autoFishFeeder\Project\Hew\autoFeeder\autoFeeder\Debug\fvector.r30 )
@ heap ( E:\GitRepository\AutoFeeder\code\autoFishFeeder\Project\Hew\autoFeeder\autoFeeder\Debug\heap.r30 )
@ if_disp ( E:\GitRepository\AutoFeeder\code\autoFishFeeder\Project\Hew\autoFeeder\autoFeeder\Debug\if_disp.r30 )
@ if_key ( E:\GitRepository\AutoFeeder\code\autoFishFeeder\Project\Hew\autoFeeder\autoFeeder\Debug\if_key.r30 )
@ if_oled_draw ( E:\GitRepository\AutoFeeder\code\autoFishFeeder\Project\Hew\autoFeeder\autoFeeder\Debug\if_oled_draw.r30 )
@ if_oled_text ( E:\GitRepository\AutoFeeder\code\autoFishFeeder\Project\Hew\autoFeeder\autoFeeder\Debug\if_oled_text.r30 )
@ if_serial_flash ( E:\GitRepository\AutoFeeder\code\autoFishFeeder\Project\Hew\autoFeeder\autoFeeder\Debug\if_serial_flash.r30 )
@ initsct ( E:\GitRepository\AutoFeeder\code\autoFishFeeder\Project\Hew\autoFeeder\autoFeeder\Debug\initsct.r30 )
@ intprg ( E:\GitRepository\AutoFeeder\code\autoFishFeeder\Project\Hew\autoFeeder\autoFeeder\Debug\intprg.r30 )
@ main ( E:\GitRepository\AutoFeeder\code\autoFishFeeder\Project\Hew\autoFeeder\autoFeeder\Debug\main.r30 )
@ resetprg ( E:\GitRepository\AutoFeeder\code\autoFishFeeder\Project\Hew\autoFeeder\autoFeeder\Debug\resetprg.r30 )
@ _i4divu ( c:\program files\renesas\hew_001\tools\renesas\nc30wa\v545r01\lib30\r8clib.lib )
@ _i4mulu ( c:\program files\renesas\hew_001\tools\renesas\nc30wa\v545r01\lib30\r8clib.lib )
@ nmemcpy ( c:\program files\renesas\hew_001\tools\renesas\nc30wa\v545r01\lib30\r8clib.lib )
@ nmemset ( c:\program files\renesas\hew_001\tools\renesas\nc30wa\v545r01\lib30\r8clib.lib )
@ nstrcat ( c:\program files\renesas\hew_001\tools\renesas\nc30wa\v545r01\lib30\r8clib.lib )
@ _nstrcpy ( c:\program files\renesas\hew_001\tools\renesas\nc30wa\v545r01\lib30\r8clib.lib )

*** Mapping List ***

SECTION                            START      END         SIZE   ALIGN

data_SE
                                  00000400  00000400         0   2
bss_SE
                                  00000400  00000400         0   2
data_SO
                                  00000400  00000400         0   1
bss_SO
                                  00000400  00000400         0   1
data_NE
                                  00000400  0000042b        2c   2
bss_NE
                                  0000042c  000004bd        92   2
data_NO
                                  000004be  000004e1        24   1
bss_NO
                                  000004e2  000004e6         5   1
stack
                                  000004e7  000005e6       100   1
istack
                                  000005e7  000006e6       100   1
rom_NE
                                  00004000  0000669f      26a0   2
rom_NO
                                  000066a0  000066a1         2   1
data_SEI
                                  000066a2  000066a2         0   1
data_SOI
                                  000066a2  000066a2         0   1
data_NEI
                                  000066a2  000066cd        2c   1
data_NOI
                                  000066ce  000066f1        24   1
program
                                  000066f2  00009869      3178   2
interrupt
                                  0000986a  00009906        9d   2
vector
                                  0000fedc  0000ffdb       100   1
fvector
                                  0000ffdc  0000ffff        24   1

*** Symbol List ***

SECTION=
FILE=                               START        END    SIZE
  SYMBOL                            ADDR        SIZE    INFO      COUNTS  OPT

SECTION=data_NE
FILE=E:/GitRepository/AutoFeeder/code/autoFishFeeder/source/app/draw/draw_task
                                  00000400  00000401         2
  _DispState
                                  00000400         2   data ,g         0
  __SB__
                                  00000400         0   none ,g         0

FILE=E:/GitRepository/AutoFeeder/code/autoFishFeeder/source/drv/drv_tmr0
                                  00000402  00000405         4
  _CurrentTimer
                                  00000402         4   data ,g         0

FILE=E:/GitRepository/AutoFeeder/code/autoFishFeeder/source/interface/if_key
                                  00000406  00000409         4
  _U16TimerCountScanKey
                                  00000406         2   data ,g         0
  _U16TimerCountPressedKey
                                  00000408         2   data ,g         0

FILE=E:/GitRepository/AutoFeeder/code/autoFishFeeder/source/app/main
                                  0000040c  0000042b        20
  _vsysHour
                                  0000040c         4   data ,g         0
  _vsysMinute
                                  00000410         4   data ,g         0
  _vsysSecond
                                  00000414         4   data ,g         0
  _vsysMilSecond
                                  00000418         4   data ,g         0
  _vsysFeedTime
                                  0000041c         4   data ,g         0
  _vsysFeedHour
                                  00000420         4   data ,g         0
  _vsysFeedMinute
                                  00000424         4   data ,g         0
  _vsysFeedSecond
                                  00000428         4   data ,g         0

SECTION=bss_NE
FILE=E:/GitRepository/AutoFeeder/code/autoFishFeeder/source/app/draw/draw_task
                                  0000042c  0000042f         4
  _DispWaitTM
                                  0000042c         4   data ,g         0

FILE=E:/GitRepository/AutoFeeder/code/autoFishFeeder/source/drv/drv_csi1
                                  00000430  00000433         4
  _U16CSI1BufCount
                                  00000430         2   data ,g         0
  _pU8CSI1Buf
                                  00000432         2   data ,g         0

FILE=E:/GitRepository/AutoFeeder/code/autoFishFeeder/source/interface/if_oled_text
                                  0000043e  000004bd        80
  _DrawBuf
                                  0000043e        48   data ,g         0

SECTION=data_NO
FILE=E:/GitRepository/AutoFeeder/code/autoFishFeeder/source/app/draw/draw_task
                                  000004be  000004c8         b
  _DispName
                                  000004be         b   data ,g         0

FILE=E:/GitRepository/AutoFeeder/code/autoFishFeeder/source/app/main
                                  000004e1  000004e1         1
  _stSys
                                  000004e1         1   data ,g         0

SECTION=bss_NO
FILE=E:/GitRepository/AutoFeeder/code/autoFishFeeder/source/interface/if_disp
                                  000004e3  000004e3         1
  _DispCurLine
                                  000004e3         1   data ,g         0

SECTION=istack
FILE=E:/GitRepository/AutoFeeder/code/autoFishFeeder/source/drv/resetprg
                                  000005e7  000006e6       100
  __stack_top
                                  000005e7         0   none ,g         0

SECTION=rom_NE
FILE=E:/GitRepository/AutoFeeder/code/autoFishFeeder/source/interface/if_oled_draw
                                  00004400  0000483f       440
  _BmpLogo
                                  00004400       140   data ,g         0
  _clockBMP
                                  00004540       200   data ,g         0
  _fishBmp
                                  00004740       100   data ,g         0

FILE=E:/GitRepository/AutoFeeder/code/autoFishFeeder/source/interface/if_oled_text
                                  00004840  0000669f      1e60
  _CodeASCII
                                  00004840       600   data ,g         0
  _CodeASCII24
                                  00004e40      1200   data ,g         0
  _CodeIco
                                  00006040       660   data ,g         0

SECTION=program
FILE=E:/GitRepository/AutoFeeder/code/autoFishFeeder/source/app/draw/draw_task
                                  000066f2  00006c46       555
  $DecToStr
                                  000066f2       1b0   func ,g         0
  $DecToStrSign
                                  000068a2       148   func ,g         0
  $Strformat2
                                  000069ea        6b   func ,g         0
  $Strformat3
                                  00006a56        8e   func ,g         0
  $updateTimerPaint
                                  00006ae4        a5   func ,g         0
  _App_Task_Disp
                                  00006b88        bf   func ,g         0

FILE=E:/GitRepository/AutoFeeder/code/autoFishFeeder/source/drv/drv_clk
                                  00006c48  00006ca3        5c
  _drv_Clk_SelectLowSpeedOCO
                                  00006c48        25   func ,g         0

FILE=E:/GitRepository/AutoFeeder/code/autoFishFeeder/source/drv/drv_csi1
                                  00006ca4  00006d3d        9a
  $drv_CSI1_Init
                                  00006ca4        9a   func ,g         0

FILE=E:/GitRepository/AutoFeeder/code/autoFishFeeder/source/drv/drv_flash
                                  00006d3e  0000737c       63f
  $drv_Flash_ReadData
                                  00006d3e        9f   func ,g         0
  $drv_Flash_Read32BytesData
                                  00006dde       22e   func ,g         0
  $drv_Flash_WriteData
                                  0000700c        b4   func ,g         0
  _drv_Flash_WriteEnable
                                  000070c0        35   func ,g         0
  _drv_Flash_ProtectSector
                                  000070f4        61   func ,g         0
  _drv_Flash_UnProtectSector
                                  00007156        62   func ,g         0
  _drv_Flash_BlockErase4KBytes
                                  000071b8        62   func ,g         0
  $drv_Flash_ReadStatusRegister
                                  0000721a        5b   func ,g         0

FILE=E:/GitRepository/AutoFeeder/code/autoFishFeeder/source/drv/drv_iic
                                  0000737e  000075b4       237
  _drv_I2C_Init
                                  0000737e        46   func ,g         0
  $drv_I2C_MasterSend
                                  000073c4        5d   func ,g         0
  _drv_I2C_Int
                                  00007422       184   func ,g         0

FILE=E:/GitRepository/AutoFeeder/code/autoFishFeeder/source/drv/drv_int
                                  000075b6  000075bc         7
  _drv_INT_Disable
                                  000075b6         3   func ,g         0

FILE=E:/GitRepository/AutoFeeder/code/autoFishFeeder/source/drv/drv_key
                                  000075be  000075d1        14
  _drv_Key_InitKey
                                  000075be        14   func ,g         0

FILE=E:/GitRepository/AutoFeeder/code/autoFishFeeder/source/drv/drv_led
                                  000075d2  00007642        71
  _drv_Led_InitLed
                                  000075d2        31   func ,g         0

FILE=E:/GitRepository/AutoFeeder/code/autoFishFeeder/source/drv/drv_oled
                                  00007644  00007efd       8ba
  $drv_OLED_CommandWrite
                                  00007644        1d   func ,g         0
  $drv_OLED_DataWrite
                                  00007662        16   func ,g         0
  $drv_OLED_SetColumnAddress
                                  00007678        1b   func ,g         0
  $drv_OLED_SetRowAddress
                                  00007692        1a   func ,g         0
  _drv_OLED_SetWriteRAM
                                  000076ac         7   func ,g         0
  _drv_OLED_SetReadRAM
                                  000076b4         8   func ,g         0
  $drv_OLED_SetRemapFormat
                                  000076bc        1b   func ,g         0
  $drv_OLED_SetStartLine
                                  000076d6        14   func ,g         0
  $drv_OLED_SetDisplayOffset
                                  000076ea        14   func ,g         0
  $drv_OLED_SetDisplayMode
                                  000076fe        11   func ,g         0
  $drv_OLED_SetFunctionSelection
                                  00007710        15   func ,g         0
  $drv_OLED_SetDisplayOnOff
                                  00007724        11   func ,g         0
  $drv_OLED_SetPhaseLength
                                  00007736        15   func ,g         0
  $drv_OLED_SetPartialDisplay
                                  0000774a        21   func ,g         0
  $drv_OLED_SetDisplayClock
                                  0000776c        15   func ,g         0
  $drv_OLED_SetDisplayEnhancement_A
                                  00007780        20   func ,g         0
  $drv_OLED_SetGPIO
                                  000077a0        14   func ,g         0
  $drv_OLED_SetPrechargePeriod
                                  000077b4        14   func ,g         0
  $drv_OLED_SetPrechargeVoltage
                                  000077c8        14   func ,g         0
  $drv_OLED_SetVCOMH
                                  000077dc        14   func ,g         0
  $drv_OLED_SetContrastCurrent
                                  000077f0        14   func ,g         0
  $drv_OLED_SetMasterCurrent
                                  00007804        14   func ,g         0
  $drv_OLED_SetMultiplexRatio
                                  00007818        14   func ,g         0
  $drv_OLED_SetDisplayEnhancement_B
                                  0000782c        1d   func ,g         0
  $drv_OLED_SetCommandLock
                                  0000784a        17   func ,g         0
  $drv_OLED_SetGrayScaleTable
                                  00007860        4a   func ,g         0
  $drv_OLED_GraphicWrite
                                  000078aa        bb   func ,g         0
  $drv_OLED_GraphicWrite_Offset
                                  00007966        ba   func ,g         0
  $drv_OLED_GraphicLineV
                                  00007a20        b4   func ,g         0
  $drv_OLED_GraphicLineVT
                                  00007ad4       12f   func ,g         0
  $drv_OLED_GraphicLineH
                                  00007c02       1ef   func ,g         0
  $drv_OLED_Clear
                                  00007e2e        41   func ,g         0

FILE=E:/GitRepository/AutoFeeder/code/autoFishFeeder/source/drv/drv_pwr
                                  00007efe  00007fd2        d5
  _drv_Pwr_InitPwrCtrlPort
                                  00007efe        25   func ,g         0
  _drv_Pwr_12V_TurnOff
                                  00007f24         6   func ,g         0
  _drv_Pwr_5V_TurnOff
                                  00007f2a         6   func ,g         0
  _drv_Pwr_3P3V_TurnOff
                                  00007f30         6   func ,g         0
  _drv_Pwr_12V_TurnOn
                                  00007f36         6   func ,g         0
  _drv_Pwr_5V_TurnOn
                                  00007f3c         6   func ,g         0
  _drv_Pwr_3P3V_TurnOn
                                  00007f42         6   func ,g         0
  _drv_Pwr_SetPortForLowPower
                                  00007f48        76   func ,g         0
  _drv_Pwr_InitPwrCtrl
                                  00007fbe         e   func ,g         0

FILE=E:/GitRepository/AutoFeeder/code/autoFishFeeder/source/drv/drv_tmr0
                                  00007fd4  0000809a        c7
  _drv_Tmr0_InitTmr0InHighSpeed
                                  00007fd4        19   func ,g         0
  _drv_Tmr0_InitTmr0InLowSpeed
                                  00007fee        19   func ,g         0
  _TmrRAInt
                                  00008006        95   func ,g         0

FILE=E:/GitRepository/AutoFeeder/code/autoFishFeeder/source/drv/drv_wdt
                                  0000809c  000080ff        64
  _drv_WDT_InitWDTInHighSpeedOCO
                                  0000809c        2b   func ,g         0
  _drv_WDT_InitWDTInLowSpeedOCO
                                  000080c8        30   func ,g         0

FILE=E:/GitRepository/AutoFeeder/code/autoFishFeeder/source/drv/fvector
                                  00008100  00008104         5
  __dummy_int
                                  00008100         5   func ,g         0

FILE=E:/GitRepository/AutoFeeder/code/autoFishFeeder/source/interface/if_disp
                                  00008106  00008124        1f
  _if_Disp_Init
                                  00008106         9   func ,g         0

FILE=E:/GitRepository/AutoFeeder/code/autoFishFeeder/source/interface/if_key
                                  00008126  000083ba       295
  _if_Key_GetEvent
                                  00008126         4   func ,g         0
  $if_Key_GetState
                                  0000812a        83   func ,g         0
  _if_Key_ClearEvent
                                  000081ae         5   func ,g         0

FILE=E:/GitRepository/AutoFeeder/code/autoFishFeeder/source/interface/if_oled_draw
                                  000083bc  00008766       3ab
  $OLED_DrawLine
                                  000083bc        67   func ,g         0
  $OLED_DrawLineT
                                  00008424        39   func ,g         0
  $OLED_DrawBox
                                  0000845c        e5   func ,g         0
  _if_disp_clear
                                  00008542         8   func ,g         0
  $OLED_DrawBmp
                                  0000854a       132   func ,g         0

FILE=E:/GitRepository/AutoFeeder/code/autoFishFeeder/source/interface/if_oled_text
                                  00008768  0000944b       ce4
  $OLED_TextA_16
                                  0000881e       1a6   func ,g         0
  $OLED_TextA_24
                                  000089c4       282   func ,g         0
  $OLED_TextA_Rev
                                  00008c46       1d3   func ,g         0
  $OLED_TextA
                                  00008e18        3b   func ,g         0
  $OLED_Draw_TextRoll24
                                  00008e54       31d   func ,g         0
  $GetDrawTextWidthA
                                  00009170        7f   func ,g         0
  $ConvertUTF8ToGBCode
                                  000091f0       1af   func ,g         0
  $ConvertUnicodeToGBCode
                                  0000939e        ae   func ,g         0

FILE=E:/GitRepository/AutoFeeder/code/autoFishFeeder/source/interface/if_serial_flash
                                  0000944c  000094fe        b3
  _if_Flash_InitFlashComm
                                  0000944c         9   func ,g         0
  $if_Flash_ReadData
                                  00009456        1b   func ,g         0
  $if_Flash_Read32BytesData
                                  00009470        17   func ,g         0
  $if_Flash_ReadStatusRegister
                                  00009488        10   func ,g         0
  _if_Flash_Erase4KBytesBlock
                                  00009498        18   func ,g         0
  $if_Flash_WriteData
                                  000094b0        21   func ,g         0
  _if_Flash_ProtectSector
                                  000094d0        17   func ,g         0

FILE=E:/GitRepository/AutoFeeder/code/autoFishFeeder/source/drv/intprg
                                  00009500  00009596        97
  __brk
                                  00009500         5   func ,g         0
  __timer_rc
                                  00009506         6   func ,g         0
  __timer_rd0
                                  0000950c         6   func ,g         0
  __timer_rd1
                                  00009512         6   func ,g         0
  __timer_re
                                  00009518         6   func ,g         0
  __uart2_trance
                                  0000951e         6   func ,g         0
  __uart2_receive
                                  00009524         6   func ,g         0
  __input_key
                                  0000952a         6   func ,g         0
  __ssuic
                                  00009530         a   func ,g         0
  __compare1
                                  0000953a         6   func ,g         0
  __uart0_trance
                                  00009540         6   func ,g         0
  __uart0_receive
                                  00009546         6   func ,g         0
  __uart1_trance
                                  0000954c         6   func ,g         0
  __uart1_receive
                                  00009552         6   func ,g         0
  __int2
                                  00009558         6   func ,g         0
  __timer_ra
                                  0000955e         a   func ,g         0
  __timer_rb
                                  00009568         6   func ,g         0
  __int1
                                  0000956e         6   func ,g         0
  __int3
                                  00009574         6   func ,g         0
  __timer_rf
                                  0000957a         6   func ,g         0
  __compare0
                                  00009580         6   func ,g         0
  __int0
                                  00009586         6   func ,g         0
  __ad_converter
                                  0000958c         6   func ,g         0

FILE=E:/GitRepository/AutoFeeder/code/autoFishFeeder/source/app/main
                                  00009598  00009767       1d0
  _sys_IsFeedingTime
                                  00009598        45   func ,g         0
  _sys_Feeding
                                  000095de        19   func ,g         0
  _sys_stopFeed
                                  000095f6        18   func ,g         0
  _sys_IsFeedComplete
                                  0000960e        13   func ,g         0
  _initMCU
                                  00009622        12   func ,g         0
  _sys_Init
                                  00009634        2d   func ,g         0
  $sysAdjustTime
                                  00009660        9c   func ,g         0
  _sysKeyPro
                                  000096fc        1b   func ,g         0

FILE=_i4divu
                                  00009768  000097b4        4d
  __i4divU
                                  00009768        4d   func ,g         0

FILE=_i4mulu
                                  000097b6  000097d1        1c
  __i4mulU
                                  000097b6        1c   func ,g         0

FILE=nmemcpy
                                  000097d2  000097ff        2e
  $_n_n_memcpy
                                  000097d2        2e   func ,g         0

FILE=nmemset
                                  00009800  00009828        29
  $_n_memset
                                  00009800        29   func ,g         0

FILE=nstrcat
                                  0000982a  00009848        1f
  $_n_n_strcat
                                  0000982a        1f   func ,g         0

FILE=_nstrcpy
                                  0000984a  00009869        20
  $_n_n_strcpy
                                  0000984a         0   func ,g         0
  $strcpy
                                  0000984a         0   func ,g         0

SECTION=interrupt
FILE=E:/GitRepository/AutoFeeder/code/autoFishFeeder/source/drv/initsct
                                  0000986a  000098ce        65
  _initsct
                                  0000986a        65   func ,g         0

FILE=E:/GitRepository/AutoFeeder/code/autoFishFeeder/source/drv/resetprg
                                  000098d0  00009906        37
  _start
                                  000098d0        32   func ,g         0
  _exit
                                  00009902         5   func ,g         0

